Archive member included to satisfy reference by file (symbol)

C:/ST/STM32CubeIDE_1.14.1/STM32CubeIDE/plugins/com.st.stm32cube.ide.mcu.externaltools.gnu-tools-for-stm32.11.3.rel1.win32_1.1.100.202309141235/tools/bin/../lib/gcc/arm-none-eabi/11.3.1/../../../../arm-none-eabi/lib/thumb/v7e-m+fp/hard\libc_nano.a(libc_a-exit.o)
                              C:/ST/STM32CubeIDE_1.14.1/STM32CubeIDE/plugins/com.st.stm32cube.ide.mcu.externaltools.gnu-tools-for-stm32.11.3.rel1.win32_1.1.100.202309141235/tools/bin/../lib/gcc/arm-none-eabi/11.3.1/../../../../arm-none-eabi/lib/thumb/v7e-m+fp/hard/crt0.o (exit)
C:/ST/STM32CubeIDE_1.14.1/STM32CubeIDE/plugins/com.st.stm32cube.ide.mcu.externaltools.gnu-tools-for-stm32.11.3.rel1.win32_1.1.100.202309141235/tools/bin/../lib/gcc/arm-none-eabi/11.3.1/../../../../arm-none-eabi/lib/thumb/v7e-m+fp/hard\libc_nano.a(libc_a-malloc.o)
                              ./Core/Src/cJSON.o (malloc)
C:/ST/STM32CubeIDE_1.14.1/STM32CubeIDE/plugins/com.st.stm32cube.ide.mcu.externaltools.gnu-tools-for-stm32.11.3.rel1.win32_1.1.100.202309141235/tools/bin/../lib/gcc/arm-none-eabi/11.3.1/../../../../arm-none-eabi/lib/thumb/v7e-m+fp/hard\libc_nano.a(libc_a-mallocr.o)
                              C:/ST/STM32CubeIDE_1.14.1/STM32CubeIDE/plugins/com.st.stm32cube.ide.mcu.externaltools.gnu-tools-for-stm32.11.3.rel1.win32_1.1.100.202309141235/tools/bin/../lib/gcc/arm-none-eabi/11.3.1/../../../../arm-none-eabi/lib/thumb/v7e-m+fp/hard\libc_nano.a(libc_a-malloc.o) (_malloc_r)
C:/ST/STM32CubeIDE_1.14.1/STM32CubeIDE/plugins/com.st.stm32cube.ide.mcu.externaltools.gnu-tools-for-stm32.11.3.rel1.win32_1.1.100.202309141235/tools/bin/../lib/gcc/arm-none-eabi/11.3.1/../../../../arm-none-eabi/lib/thumb/v7e-m+fp/hard\libc_nano.a(libc_a-mlock.o)
                              C:/ST/STM32CubeIDE_1.14.1/STM32CubeIDE/plugins/com.st.stm32cube.ide.mcu.externaltools.gnu-tools-for-stm32.11.3.rel1.win32_1.1.100.202309141235/tools/bin/../lib/gcc/arm-none-eabi/11.3.1/../../../../arm-none-eabi/lib/thumb/v7e-m+fp/hard\libc_nano.a(libc_a-mallocr.o) (__malloc_lock)
C:/ST/STM32CubeIDE_1.14.1/STM32CubeIDE/plugins/com.st.stm32cube.ide.mcu.externaltools.gnu-tools-for-stm32.11.3.rel1.win32_1.1.100.202309141235/tools/bin/../lib/gcc/arm-none-eabi/11.3.1/../../../../arm-none-eabi/lib/thumb/v7e-m+fp/hard\libc_nano.a(libc_a-realloc.o)
                              ./Core/Src/cJSON.o (realloc)
C:/ST/STM32CubeIDE_1.14.1/STM32CubeIDE/plugins/com.st.stm32cube.ide.mcu.externaltools.gnu-tools-for-stm32.11.3.rel1.win32_1.1.100.202309141235/tools/bin/../lib/gcc/arm-none-eabi/11.3.1/../../../../arm-none-eabi/lib/thumb/v7e-m+fp/hard\libc_nano.a(libc_a-reallocr.o)
                              C:/ST/STM32CubeIDE_1.14.1/STM32CubeIDE/plugins/com.st.stm32cube.ide.mcu.externaltools.gnu-tools-for-stm32.11.3.rel1.win32_1.1.100.202309141235/tools/bin/../lib/gcc/arm-none-eabi/11.3.1/../../../../arm-none-eabi/lib/thumb/v7e-m+fp/hard\libc_nano.a(libc_a-realloc.o) (_realloc_r)
C:/ST/STM32CubeIDE_1.14.1/STM32CubeIDE/plugins/com.st.stm32cube.ide.mcu.externaltools.gnu-tools-for-stm32.11.3.rel1.win32_1.1.100.202309141235/tools/bin/../lib/gcc/arm-none-eabi/11.3.1/../../../../arm-none-eabi/lib/thumb/v7e-m+fp/hard\libc_nano.a(libc_a-strtod.o)
                              ./Core/Src/cJSON.o (strtod)
C:/ST/STM32CubeIDE_1.14.1/STM32CubeIDE/plugins/com.st.stm32cube.ide.mcu.externaltools.gnu-tools-for-stm32.11.3.rel1.win32_1.1.100.202309141235/tools/bin/../lib/gcc/arm-none-eabi/11.3.1/../../../../arm-none-eabi/lib/thumb/v7e-m+fp/hard\libc_nano.a(libc_a-ctype_.o)
                              ./Core/Src/cJSON.o (_ctype_)
C:/ST/STM32CubeIDE_1.14.1/STM32CubeIDE/plugins/com.st.stm32cube.ide.mcu.externaltools.gnu-tools-for-stm32.11.3.rel1.win32_1.1.100.202309141235/tools/bin/../lib/gcc/arm-none-eabi/11.3.1/../../../../arm-none-eabi/lib/thumb/v7e-m+fp/hard\libc_nano.a(libc_a-findfp.o)
                              C:/ST/STM32CubeIDE_1.14.1/STM32CubeIDE/plugins/com.st.stm32cube.ide.mcu.externaltools.gnu-tools-for-stm32.11.3.rel1.win32_1.1.100.202309141235/tools/bin/../lib/gcc/arm-none-eabi/11.3.1/../../../../arm-none-eabi/lib/thumb/v7e-m+fp/hard\libc_nano.a(libc_a-exit.o) (__stdio_exit_handler)
C:/ST/STM32CubeIDE_1.14.1/STM32CubeIDE/plugins/com.st.stm32cube.ide.mcu.externaltools.gnu-tools-for-stm32.11.3.rel1.win32_1.1.100.202309141235/tools/bin/../lib/gcc/arm-none-eabi/11.3.1/../../../../arm-none-eabi/lib/thumb/v7e-m+fp/hard\libc_nano.a(libc_a-fwalk.o)
                              C:/ST/STM32CubeIDE_1.14.1/STM32CubeIDE/plugins/com.st.stm32cube.ide.mcu.externaltools.gnu-tools-for-stm32.11.3.rel1.win32_1.1.100.202309141235/tools/bin/../lib/gcc/arm-none-eabi/11.3.1/../../../../arm-none-eabi/lib/thumb/v7e-m+fp/hard\libc_nano.a(libc_a-findfp.o) (_fwalk_sglue)
[...]
Memory Configuration

Name             Origin             Length             Attributes
CCMRAM           0x0000000010000000 0x0000000000010000 xrw
RAM              0x0000000020000000 0x0000000000020000 xrw
FLASH            0x0000000008000000 0x0000000000080000 xr
*default*        0x0000000000000000 0xffffffffffffffff

Linker script and memory map

LOAD C:/ST/STM32CubeIDE_1.14.1/STM32CubeIDE/plugins/com.st.stm32cube.ide.mcu.externaltools.gnu-tools-for-stm32.11.3.rel1.win32_1.1.100.202309141235/tools/bin/../lib/gcc/arm-none-eabi/11.3.1/thumb/v7e-m+fp/hard/crti.o
LOAD C:/ST/STM32CubeIDE_1.14.1/STM32CubeIDE/plugins/com.st.stm32cube.ide.mcu.externaltools.gnu-tools-for-stm32.11.3.rel1.win32_1.1.100.202309141235/tools/bin/../lib/gcc/arm-none-eabi/11.3.1/thumb/v7e-m+fp/hard/crtbegin.o
LOAD C:/ST/STM32CubeIDE_1.14.1/STM32CubeIDE/plugins/com.st.stm32cube.ide.mcu.externaltools.gnu-tools-for-stm32.11.3.rel1.win32_1.1.100.202309141235/tools/bin/../lib/gcc/arm-none-eabi/11.3.1/../../../../arm-none-eabi/lib/thumb/v7e-m+fp/hard/crt0.o
LOAD ./Core/Src/Encoder.o
LOAD ./Core/Src/MotorDrive.o
LOAD ./Core/Src/PID.o
LOAD ./Core/Src/cJSON.o
LOAD ./Core/Src/freertos.o
LOAD ./Core/Src/main.o
LOAD ./Core/Src/stm32f4xx_hal_msp.o
LOAD ./Core/Src/stm32f4xx_it.o
LOAD ./Core/Src/syscalls.o
LOAD ./Core/Src/sysmem.o
LOAD ./Core/Src/system_stm32f4xx.o
LOAD ./Core/Startup/startup_stm32f407vetx.o
LOAD ./Drivers/STM32F4xx_HAL_Driver/Src/stm32f4xx_hal.o
LOAD ./Drivers/STM32F4xx_HAL_Driver/Src/stm32f4xx_hal_cortex.o
LOAD ./Drivers/STM32F4xx_HAL_Driver/Src/stm32f4xx_hal_dma.o
LOAD ./Drivers/STM32F4xx_HAL_Driver/Src/stm32f4xx_hal_dma_ex.o
LOAD ./Drivers/STM32F4xx_HAL_Driver/Src/stm32f4xx_hal_exti.o
LOAD ./Drivers/STM32F4xx_HAL_Driver/Src/stm32f4xx_hal_flash.o
LOAD ./Drivers/STM32F4xx_HAL_Driver/Src/stm32f4xx_hal_flash_ex.o
LOAD ./Drivers/STM32F4xx_HAL_Driver/Src/stm32f4xx_hal_flash_ramfunc.o
LOAD ./Drivers/STM32F4xx_HAL_Driver/Src/stm32f4xx_hal_gpio.o
LOAD ./Drivers/STM32F4xx_HAL_Driver/Src/stm32f4xx_hal_pwr.o
LOAD ./Drivers/STM32F4xx_HAL_Driver/Src/stm32f4xx_hal_pwr_ex.o
LOAD ./Drivers/STM32F4xx_HAL_Driver/Src/stm32f4xx_hal_rcc.o
LOAD ./Drivers/STM32F4xx_HAL_Driver/Src/stm32f4xx_hal_rcc_ex.o
LOAD ./Drivers/STM32F4xx_HAL_Driver/Src/stm32f4xx_hal_tim.o
LOAD ./Drivers/STM32F4xx_HAL_Driver/Src/stm32f4xx_hal_tim_ex.o
LOAD ./Middlewares/Third_Party/FreeRTOS/Source/CMSIS_RTOS/cmsis_os.o
LOAD ./Middlewares/Third_Party/FreeRTOS/Source/croutine.o
LOAD ./Middlewares/Third_Party/FreeRTOS/Source/event_groups.o
LOAD ./Middlewares/Third_Party/FreeRTOS/Source/list.o
LOAD ./Middlewares/Third_Party/FreeRTOS/Source/queue.o
LOAD ./Middlewares/Third_Party/FreeRTOS/Source/stream_buffer.o
LOAD ./Middlewares/Third_Party/FreeRTOS/Source/tasks.o
LOAD ./Middlewares/Third_Party/FreeRTOS/Source/timers.o
LOAD ./Middlewares/Third_Party/FreeRTOS/Source/portable/GCC/ARM_CM4F/port.o
LOAD ./Middlewares/Third_Party/FreeRTOS/Source/portable/MemMang/heap_4.o
START GROUP
LOAD C:/ST/STM32CubeIDE_1.14.1/STM32CubeIDE/plugins/com.st.stm32cube.ide.mcu.externaltools.gnu-tools-for-stm32.11.3.rel1.win32_1.1.100.202309141235/tools/bin/../lib/gcc/arm-none-eabi/11.3.1/../../../../arm-none-eabi/lib/thumb/v7e-m+fp/hard\libc_nano.a
LOAD C:/ST/STM32CubeIDE_1.14.1/STM32CubeIDE/plugins/com.st.stm32cube.ide.mcu.externaltools.gnu-tools-for-stm32.11.3.rel1.win32_1.1.100.202309141235/tools/bin/../lib/gcc/arm-none-eabi/11.3.1/../../../../arm-none-eabi/lib/thumb/v7e-m+fp/hard\libm.a
END GROUP
START GROUP
LOAD C:/ST/STM32CubeIDE_1.14.1/STM32CubeIDE/plugins/com.st.stm32cube.ide.mcu.externaltools.gnu-tools-for-stm32.11.3.rel1.win32_1.1.100.202309141235/tools/bin/../lib/gcc/arm-none-eabi/11.3.1/thumb/v7e-m+fp/hard\libgcc.a
LOAD C:/ST/STM32CubeIDE_1.14.1/STM32CubeIDE/plugins/com.st.stm32cube.ide.mcu.externaltools.gnu-tools-for-stm32.11.3.rel1.win32_1.1.100.202309141235/tools/bin/../lib/gcc/arm-none-eabi/11.3.1/../../../../arm-none-eabi/lib/thumb/v7e-m+fp/hard\libc_nano.a
END GROUP
START GROUP
LOAD C:/ST/STM32CubeIDE_1.14.1/STM32CubeIDE/plugins/com.st.stm32cube.ide.mcu.externaltools.gnu-tools-for-stm32.11.3.rel1.win32_1.1.100.202309141235/tools/bin/../lib/gcc/arm-none-eabi/11.3.1/thumb/v7e-m+fp/hard\libgcc.a
LOAD C:/ST/STM32CubeIDE_1.14.1/STM32CubeIDE/plugins/com.st.stm32cube.ide.mcu.externaltools.gnu-tools-for-stm32.11.3.rel1.win32_1.1.100.202309141235/tools/bin/../lib/gcc/arm-none-eabi/11.3.1/../../../../arm-none-eabi/lib/thumb/v7e-m+fp/hard\libc_nano.a
LOAD C:/ST/STM32CubeIDE_1.14.1/STM32CubeIDE/plugins/com.st.stm32cube.ide.mcu.externaltools.gnu-tools-for-stm32.11.3.rel1.win32_1.1.100.202309141235/tools/bin/../lib/gcc/arm-none-eabi/11.3.1/../../../../arm-none-eabi/lib/thumb/v7e-m+fp/hard\libnosys.a
END GROUP
START GROUP
LOAD C:/ST/STM32CubeIDE_1.14.1/STM32CubeIDE/plugins/com.st.stm32cube.ide.mcu.externaltools.gnu-tools-for-stm32.11.3.rel1.win32_1.1.100.202309141235/tools/bin/../lib/gcc/arm-none-eabi/11.3.1/thumb/v7e-m+fp/hard\libgcc.a
LOAD C:/ST/STM32CubeIDE_1.14.1/STM32CubeIDE/plugins/com.st.stm32cube.ide.mcu.externaltools.gnu-tools-for-stm32.11.3.rel1.win32_1.1.100.202309141235/tools/bin/../lib/gcc/arm-none-eabi/11.3.1/../../../../arm-none-eabi/lib/thumb/v7e-m+fp/hard\libc_nano.a
LOAD C:/ST/STM32CubeIDE_1.14.1/STM32CubeIDE/plugins/com.st.stm32cube.ide.mcu.externaltools.gnu-tools-for-stm32.11.3.rel1.win32_1.1.100.202309141235/tools/bin/../lib/gcc/arm-none-eabi/11.3.1/../../../../arm-none-eabi/lib/thumb/v7e-m+fp/hard\libnosys.a
END GROUP
LOAD C:/ST/STM32CubeIDE_1.14.1/STM32CubeIDE/plugins/com.st.stm32cube.ide.mcu.externaltools.gnu-tools-for-stm32.11.3.rel1.win32_1.1.100.202309141235/tools/bin/../lib/gcc/arm-none-eabi/11.3.1/thumb/v7e-m+fp/hard/crtend.o
LOAD C:/ST/STM32CubeIDE_1.14.1/STM32CubeIDE/plugins/com.st.stm32cube.ide.mcu.externaltools.gnu-tools-for-stm32.11.3.rel1.win32_1.1.100.202309141235/tools/bin/../lib/gcc/arm-none-eabi/11.3.1/thumb/v7e-m+fp/hard/crtn.o
                0x0000000020020000                _estack = (ORIGIN (RAM) + LENGTH (RAM))
                0x0000000000000200                _Min_Heap_Size = 0x200
                0x0000000000000400                _Min_Stack_Size = 0x400

.isr_vector     0x0000000008000000      0x188
                0x0000000008000000                . = ALIGN (0x4)
 *(.isr_vector)
 .isr_vector    0x0000000008000000      0x188 ./Core/Startup/startup_stm32f407vetx.o
                0x0000000008000000                g_pfnVectors
                0x0000000008000188                . = ALIGN (0x4)

.text           0x0000000008000190     0x9d40
                0x0000000008000190                . = ALIGN (0x4)
 *(.text)
 .text          0x0000000008000190       0x40 C:/ST/STM32CubeIDE_1.14.1/STM32CubeIDE/plugins/com.st.stm32cube.ide.mcu.externaltools.gnu-tools-for-stm32.11.3.rel1.win32_1.1.100.202309141235/tools/bin/../lib/gcc/arm-none-eabi/11.3.1/thumb/v7e-m+fp/hard/crtbegin.o
 .text          0x00000000080001d0      0x378 C:/ST/STM32CubeIDE_1.14.1/STM32CubeIDE/plugins/com.st.stm32cube.ide.mcu.externaltools.gnu-tools-for-stm32.11.3.rel1.win32_1.1.100.202309141235/tools/bin/../lib/gcc/arm-none-eabi/11.3.1/thumb/v7e-m+fp/hard\libgcc.a(_arm_addsubdf3.o)
                0x00000000080001d0                __aeabi_drsub
                0x00000000080001d8                __aeabi_dsub
                0x00000000080001d8                __subdf3
                0x00000000080001dc                __aeabi_dadd
                0x00000000080001dc                __adddf3
                0x0000000008000454                __floatunsidf
                0x0000000008000454                __aeabi_ui2d
                0x0000000008000474                __floatsidf
                0x0000000008000474                __aeabi_i2d
                0x0000000008000498                __aeabi_f2d
                0x0000000008000498                __extendsfdf2
                0x00000000080004dc                __floatundidf
                0x00000000080004dc                __aeabi_ul2d
                0x00000000080004ec                __floatdidf
                0x00000000080004ec                __aeabi_l2d
 .text          0x0000000008000548      0x424 C:/ST/STM32CubeIDE_1.14.1/STM32CubeIDE/plugins/com.st.stm32cube.ide.mcu.externaltools.gnu-tools-for-stm32.11.3.rel1.win32_1.1.100.202309141235/tools/bin/../lib/gcc/arm-none-eabi/11.3.1/thumb/v7e-m+fp/hard\libgcc.a(_arm_muldivdf3.o)
                0x0000000008000548                __aeabi_dmul
                0x0000000008000548                __muldf3
                0x000000000800079c                __divdf3
                0x000000000800079c                __aeabi_ddiv
 .text          0x000000000800096c      0x110 C:/ST/STM32CubeIDE_1.14.1/STM32CubeIDE/plugins/com.st.stm32cube.ide.mcu.externaltools.gnu-tools-for-stm32.11.3.rel1.win32_1.1.100.202309141235/tools/bin/../lib/gcc/arm-none-eabi/11.3.1/thumb/v7e-m+fp/hard\libgcc.a(_arm_cmpdf2.o)
                0x000000000800096c                __gtdf2
                0x000000000800096c                __gedf2
                0x0000000008000974                __ltdf2
                0x0000000008000974                __ledf2
                0x000000000800097c                __nedf2
                0x000000000800097c                __eqdf2
                0x000000000800097c                __cmpdf2
                0x00000000080009f8                __aeabi_cdrcmple
                0x0000000008000a08                __aeabi_cdcmpeq
                0x0000000008000a08                __aeabi_cdcmple
                0x0000000008000a18                __aeabi_dcmpeq
                0x0000000008000a2c                __aeabi_dcmplt
                0x0000000008000a40                __aeabi_dcmple
                0x0000000008000a54                __aeabi_dcmpge
                0x0000000008000a68                __aeabi_dcmpgt
 .text          0x0000000008000a7c       0x2c C:/ST/STM32CubeIDE_1.14.1/STM32CubeIDE/plugins/com.st.stm32cube.ide.mcu.externaltools.gnu-tools-for-stm32.11.3.rel1.win32_1.1.100.202309141235/tools/bin/../lib/gcc/arm-none-eabi/11.3.1/thumb/v7e-m+fp/hard\libgcc.a(_arm_unorddf2.o)
                0x0000000008000a7c                __unorddf2
                0x0000000008000a7c                __aeabi_dcmpun
 .text          0x0000000008000aa8       0x50 C:/ST/STM32CubeIDE_1.14.1/STM32CubeIDE/plugins/com.st.stm32cube.ide.mcu.externaltools.gnu-tools-for-stm32.11.3.rel1.win32_1.1.100.202309141235/tools/bin/../lib/gcc/arm-none-eabi/11.3.1/thumb/v7e-m+fp/hard\libgcc.a(_arm_fixdfsi.o)
                0x0000000008000aa8                __aeabi_d2iz
                0x0000000008000aa8                __fixdfsi
 .text          0x0000000008000af8       0xa0 C:/ST/STM32CubeIDE_1.14.1/STM32CubeIDE/plugins/com.st.stm32cube.ide.mcu.externaltools.gnu-tools-for-stm32.11.3.rel1.win32_1.1.100.202309141235/tools/bin/../lib/gcc/arm-none-eabi/11.3.1/thumb/v7e-m+fp/hard\libgcc.a(_arm_truncdfsf2.o)
                0x0000000008000af8                __truncdfsf2
                0x0000000008000af8                __aeabi_d2f
 .text          0x0000000008000b98       0x30 C:/ST/STM32CubeIDE_1.14.1/STM32CubeIDE/plugins/com.st.stm32cube.ide.mcu.externaltools.gnu-tools-for-stm32.11.3.rel1.win32_1.1.100.202309141235/tools/bin/../lib/gcc/arm-none-eabi/11.3.1/thumb/v7e-m+fp/hard\libgcc.a(_aeabi_uldivmod.o)
                0x0000000008000b98                __aeabi_uldivmod
 .text          0x0000000008000bc8      0x2c8 C:/ST/STM32CubeIDE_1.14.1/STM32CubeIDE/plugins/com.st.stm32cube.ide.mcu.externaltools.gnu-tools-for-stm32.11.3.rel1.win32_1.1.100.202309141235/tools/bin/../lib/gcc/arm-none-eabi/11.3.1/thumb/v7e-m+fp/hard\libgcc.a(_udivmoddi4.o)
                0x0000000008000bc8                __udivmoddi4
 .text          0x0000000008000e90        0x4 C:/ST/STM32CubeIDE_1.14.1/STM32CubeIDE/plugins/com.st.stm32cube.ide.mcu.externaltools.gnu-tools-for-stm32.11.3.rel1.win32_1.1.100.202309141235/tools/bin/../lib/gcc/arm-none-eabi/11.3.1/thumb/v7e-m+fp/hard\libgcc.a(_dvmd_tls.o)
                0x0000000008000e90                __aeabi_idiv0
                0x0000000008000e90                __aeabi_ldiv0
 *(.text*)
 .text.EncoderSetting
                0x0000000008000e94       0x32 ./Core/Src/Encoder.o
                0x0000000008000e94                EncoderSetting
 *fill*         0x0000000008000ec6        0x2 
 .text.SpeedReadNonReset
                0x0000000008000ec8      0x11c ./Core/Src/Encoder.o
                0x0000000008000ec8                SpeedReadNonReset
 .text.CountRead
                0x0000000008000fe4       0xcc ./Core/Src/Encoder.o
                0x0000000008000fe4                CountRead
 .text.ResetCount
                0x00000000080010b0       0x2e ./Core/Src/Encoder.o
                0x00000000080010b0                ResetCount
 .text.Drive    0x00000000080010de      0x20c ./Core/Src/MotorDrive.o
                0x00000000080010de                Drive
 .text.Pid_Cal  0x00000000080012ea      0x1c6 ./Core/Src/PID.o
                0x00000000080012ea                Pid_Cal
 .text.vApplicationGetIdleTaskMemory
                0x00000000080014b0       0x34 ./Core/Src/freertos.o
                0x00000000080014b0                vApplicationGetIdleTaskMemory
 .text.PID_LINK1_Init
                0x00000000080014e4       0xac ./Core/Src/main.o
                0x00000000080014e4                PID_LINK1_Init
 .text.PID_LINK1_Speed
                0x0000000008001590       0x70 ./Core/Src/main.o
                0x0000000008001590                PID_LINK1_Speed
 .text.PID_LINK1_Pos
                0x0000000008001600       0x4c ./Core/Src/main.o
                0x0000000008001600                PID_LINK1_Pos
 .text.PID_LINK2_Init
                0x000000000800164c       0xac ./Core/Src/main.o
                0x000000000800164c                PID_LINK2_Init
 .text.PID_LINK2_Speed
                0x00000000080016f8       0x70 ./Core/Src/main.o
                0x00000000080016f8                PID_LINK2_Speed
 .text.PID_LINK2_Pos
                0x0000000008001768       0x58 ./Core/Src/main.o
                0x0000000008001768                PID_LINK2_Pos
 .text.PID_LINK3_Init
                0x00000000080017c0       0xac ./Core/Src/main.o
                0x00000000080017c0                PID_LINK3_Init
 .text.PID_LINK3_Speed
                0x000000000800186c       0x70 ./Core/Src/main.o
                0x000000000800186c                PID_LINK3_Speed
 .text.PID_LINK3_Pos
                0x00000000080018dc       0x58 ./Core/Src/main.o
                0x00000000080018dc                PID_LINK3_Pos
 .text.PID_LINK4_Init
                0x0000000008001934       0xac ./Core/Src/main.o
                0x0000000008001934                PID_LINK4_Init
 .text.PID_LINK4_Speed
                0x00000000080019e0       0x70 ./Core/Src/main.o
                0x00000000080019e0                PID_LINK4_Speed
 .text.PID_LINK4_Pos
                0x0000000008001a50       0x58 ./Core/Src/main.o
                0x0000000008001a50                PID_LINK4_Pos
 .text.TINH_FK  0x0000000008001aa8      0x4f0 ./Core/Src/main.o
                0x0000000008001aa8                TINH_FK
 .text.calculate_IK_BN1
                0x0000000008001f98      0xab0 ./Core/Src/main.o
                0x0000000008001f98                calculate_IK_BN1
 .text.calculate_IK_BN2
                0x0000000008002a48      0xaa8 ./Core/Src/main.o
                0x0000000008002a48                calculate_IK_BN2
 .text.main     0x00000000080034f0      0x1a4 ./Core/Src/main.o
                0x00000000080034f0                main
 .text.SystemClock_Config
                0x0000000008003694       0xd0 ./Core/Src/main.o
                0x0000000008003694                SystemClock_Config
 .text.MX_TIM1_Init
                0x0000000008003764       0xb0 ./Core/Src/main.o
 .text.MX_TIM2_Init
                0x0000000008003814       0xa8 ./Core/Src/main.o
 .text.MX_TIM3_Init
                0x00000000080038bc       0xa8 ./Core/Src/main.o
 .text.MX_TIM4_Init
                0x0000000008003964       0xf4 ./Core/Src/main.o
 .text.MX_TIM5_Init
                0x0000000008003a58       0xa8 ./Core/Src/main.o
 .text.MX_TIM8_Init
                0x0000000008003b00      0x120 ./Core/Src/main.o
 .text.MX_TIM9_Init
                0x0000000008003c20       0xa0 ./Core/Src/main.o
 .text.MX_GPIO_Init
                0x0000000008003cc0       0xcc ./Core/Src/main.o
 .text.StartDefaultTask
                0x0000000008003d8c       0xe4 ./Core/Src/main.o
                0x0000000008003d8c                StartDefaultTask
 .text.StartTaskSetHome
                0x0000000008003e70      0x2f0 ./Core/Src/main.o
                0x0000000008003e70                StartTaskSetHome
 .text.StartTaskPID
                0x0000000008004160       0xe4 ./Core/Src/main.o
                0x0000000008004160                StartTaskPID
 .text.Error_Handler
                0x0000000008004244        0xa ./Core/Src/main.o
                0x0000000008004244                Error_Handler
 *fill*         0x000000000800424e        0x2 
 .text.HAL_MspInit
                0x0000000008004250       0x58 ./Core/Src/stm32f4xx_hal_msp.o
                0x0000000008004250                HAL_MspInit
 .text.HAL_TIM_Encoder_MspInit
                0x00000000080042a8      0x218 ./Core/Src/stm32f4xx_hal_msp.o
                0x00000000080042a8                HAL_TIM_Encoder_MspInit
 .text.HAL_TIM_PWM_MspInit
                0x00000000080044c0       0xa8 ./Core/Src/stm32f4xx_hal_msp.o
                0x00000000080044c0                HAL_TIM_PWM_MspInit
 .text.HAL_TIM_MspPostInit
                0x0000000008004568      0x118 ./Core/Src/stm32f4xx_hal_msp.o
                0x0000000008004568                HAL_TIM_MspPostInit
 .text.NMI_Handler
                0x0000000008004680        0x6 ./Core/Src/stm32f4xx_it.o
                0x0000000008004680                NMI_Handler
 .text.HardFault_Handler
                0x0000000008004686        0x6 ./Core/Src/stm32f4xx_it.o
                0x0000000008004686                HardFault_Handler
 .text.MemManage_Handler
                0x000000000800468c        0x6 ./Core/Src/stm32f4xx_it.o
                0x000000000800468c                MemManage_Handler
 .text.BusFault_Handler
                0x0000000008004692        0x6 ./Core/Src/stm32f4xx_it.o
                0x0000000008004692                BusFault_Handler
 .text.UsageFault_Handler
                0x0000000008004698        0x6 ./Core/Src/stm32f4xx_it.o
                0x0000000008004698                UsageFault_Handler
 .text.DebugMon_Handler
                0x000000000800469e        0xe ./Core/Src/stm32f4xx_it.o
                0x000000000800469e                DebugMon_Handler
 .text.SysTick_Handler
                0x00000000080046ac       0x1a ./Core/Src/stm32f4xx_it.o
                0x00000000080046ac                SysTick_Handler
 *fill*         0x00000000080046c6        0x2 
 .text.TIM1_BRK_TIM9_IRQHandler
                0x00000000080046c8       0x1c ./Core/Src/stm32f4xx_it.o
                0x00000000080046c8                TIM1_BRK_TIM9_IRQHandler
 .text.SystemInit
                0x00000000080046e4       0x24 ./Core/Src/system_stm32f4xx.o
                0x00000000080046e4                SystemInit
 .text.Reset_Handler
                0x0000000008004708       0x50 ./Core/Startup/startup_stm32f407vetx.o
                0x0000000008004708                Reset_Handler
 .text.Default_Handler
                0x0000000008004758        0x2 ./Core/Startup/startup_stm32f407vetx.o
                0x0000000008004758                RTC_Alarm_IRQHandler
                0x0000000008004758                HASH_RNG_IRQHandler
                0x0000000008004758                EXTI2_IRQHandler
                0x0000000008004758                TIM8_CC_IRQHandler
                0x0000000008004758                TIM1_CC_IRQHandler
                0x0000000008004758                DMA2_Stream5_IRQHandler
                0x0000000008004758                DMA1_Stream5_IRQHandler
                0x0000000008004758                PVD_IRQHandler
                0x0000000008004758                SDIO_IRQHandler
                0x0000000008004758                TAMP_STAMP_IRQHandler
                0x0000000008004758                CAN2_RX1_IRQHandler
                0x0000000008004758                EXTI3_IRQHandler
                0x0000000008004758                TIM8_TRG_COM_TIM14_IRQHandler
                0x0000000008004758                TIM1_UP_TIM10_IRQHandler
                0x0000000008004758                TIM8_UP_TIM13_IRQHandler
                0x0000000008004758                I2C3_ER_IRQHandler
                0x0000000008004758                EXTI0_IRQHandler
                0x0000000008004758                I2C2_EV_IRQHandler
                0x0000000008004758                DMA1_Stream2_IRQHandler
                0x0000000008004758                CAN1_RX0_IRQHandler
                0x0000000008004758                FPU_IRQHandler
                0x0000000008004758                OTG_HS_WKUP_IRQHandler
                0x0000000008004758                CAN2_SCE_IRQHandler
                0x0000000008004758                DMA2_Stream2_IRQHandler
                0x0000000008004758                SPI1_IRQHandler
                0x0000000008004758                TIM6_DAC_IRQHandler
                0x0000000008004758                DCMI_IRQHandler
                0x0000000008004758                CAN2_RX0_IRQHandler
                0x0000000008004758                DMA2_Stream3_IRQHandler
                0x0000000008004758                USART6_IRQHandler
                0x0000000008004758                USART3_IRQHandler
                0x0000000008004758                CAN1_RX1_IRQHandler
                0x0000000008004758                UART5_IRQHandler
                0x0000000008004758                DMA2_Stream0_IRQHandler
                0x0000000008004758                TIM4_IRQHandler
                0x0000000008004758                I2C1_EV_IRQHandler
                0x0000000008004758                DMA1_Stream6_IRQHandler
                0x0000000008004758                DMA1_Stream1_IRQHandler
                0x0000000008004758                UART4_IRQHandler
                0x0000000008004758                TIM3_IRQHandler
                0x0000000008004758                RCC_IRQHandler
                0x0000000008004758                TIM8_BRK_TIM12_IRQHandler
                0x0000000008004758                Default_Handler
                0x0000000008004758                EXTI15_10_IRQHandler
                0x0000000008004758                ADC_IRQHandler
                0x0000000008004758                DMA1_Stream7_IRQHandler
                0x0000000008004758                TIM7_IRQHandler
                0x0000000008004758                CAN2_TX_IRQHandler
                0x0000000008004758                TIM5_IRQHandler
                0x0000000008004758                DMA2_Stream7_IRQHandler
                0x0000000008004758                I2C3_EV_IRQHandler
                0x0000000008004758                EXTI9_5_IRQHandler
                0x0000000008004758                RTC_WKUP_IRQHandler
                0x0000000008004758                ETH_WKUP_IRQHandler
                0x0000000008004758                SPI2_IRQHandler
                0x0000000008004758                OTG_HS_EP1_IN_IRQHandler
                0x0000000008004758                DMA1_Stream0_IRQHandler
                0x0000000008004758                CAN1_TX_IRQHandler
                0x0000000008004758                EXTI4_IRQHandler
                0x0000000008004758                FSMC_IRQHandler
                0x0000000008004758                ETH_IRQHandler
                0x0000000008004758                OTG_HS_EP1_OUT_IRQHandler
                0x0000000008004758                WWDG_IRQHandler
                0x0000000008004758                TIM2_IRQHandler
                0x0000000008004758                OTG_FS_WKUP_IRQHandler
                0x0000000008004758                TIM1_TRG_COM_TIM11_IRQHandler
                0x0000000008004758                OTG_HS_IRQHandler
                0x0000000008004758                EXTI1_IRQHandler
                0x0000000008004758                USART2_IRQHandler
                0x0000000008004758                I2C2_ER_IRQHandler
                0x0000000008004758                DMA2_Stream1_IRQHandler
                0x0000000008004758                CAN1_SCE_IRQHandler
                0x0000000008004758                FLASH_IRQHandler
                0x0000000008004758                DMA2_Stream4_IRQHandler
                0x0000000008004758                USART1_IRQHandler
                0x0000000008004758                OTG_FS_IRQHandler
                0x0000000008004758                SPI3_IRQHandler
                0x0000000008004758                DMA1_Stream4_IRQHandler
                0x0000000008004758                I2C1_ER_IRQHandler
                0x0000000008004758                DMA2_Stream6_IRQHandler
                0x0000000008004758                DMA1_Stream3_IRQHandler
 *fill*         0x000000000800475a        0x2 
 .text.HAL_Init
                0x000000000800475c       0x44 ./Drivers/STM32F4xx_HAL_Driver/Src/stm32f4xx_hal.o
                0x000000000800475c                HAL_Init
 .text.HAL_InitTick
                0x00000000080047a0       0x60 ./Drivers/STM32F4xx_HAL_Driver/Src/stm32f4xx_hal.o
                0x00000000080047a0                HAL_InitTick
 .text.HAL_IncTick
                0x0000000008004800       0x28 ./Drivers/STM32F4xx_HAL_Driver/Src/stm32f4xx_hal.o
                0x0000000008004800                HAL_IncTick
 .text.HAL_GetTick
                0x0000000008004828       0x18 ./Drivers/STM32F4xx_HAL_Driver/Src/stm32f4xx_hal.o
                0x0000000008004828                HAL_GetTick
 .text.__NVIC_SetPriorityGrouping
                0x0000000008004840       0x48 ./Drivers/STM32F4xx_HAL_Driver/Src/stm32f4xx_hal_cortex.o
 .text.__NVIC_GetPriorityGrouping
                0x0000000008004888       0x1c ./Drivers/STM32F4xx_HAL_Driver/Src/stm32f4xx_hal_cortex.o
 .text.__NVIC_EnableIRQ
                0x00000000080048a4       0x3c ./Drivers/STM32F4xx_HAL_Driver/Src/stm32f4xx_hal_cortex.o
 .text.__NVIC_SetPriority
                0x00000000080048e0       0x54 ./Drivers/STM32F4xx_HAL_Driver/Src/stm32f4xx_hal_cortex.o
 .text.NVIC_EncodePriority
                0x0000000008004934       0x66 ./Drivers/STM32F4xx_HAL_Driver/Src/stm32f4xx_hal_cortex.o
 *fill*         0x000000000800499a        0x2 
 .text.SysTick_Config
                0x000000000800499c       0x44 ./Drivers/STM32F4xx_HAL_Driver/Src/stm32f4xx_hal_cortex.o
 .text.HAL_NVIC_SetPriorityGrouping
                0x00000000080049e0       0x16 ./Drivers/STM32F4xx_HAL_Driver/Src/stm32f4xx_hal_cortex.o
                0x00000000080049e0                HAL_NVIC_SetPriorityGrouping
 .text.HAL_NVIC_SetPriority
                0x00000000080049f6       0x38 ./Drivers/STM32F4xx_HAL_Driver/Src/stm32f4xx_hal_cortex.o
                0x00000000080049f6                HAL_NVIC_SetPriority
 .text.HAL_NVIC_EnableIRQ
                0x0000000008004a2e       0x1c ./Drivers/STM32F4xx_HAL_Driver/Src/stm32f4xx_hal_cortex.o
                0x0000000008004a2e                HAL_NVIC_EnableIRQ
 .text.HAL_SYSTICK_Config
                0x0000000008004a4a       0x18 ./Drivers/STM32F4xx_HAL_Driver/Src/stm32f4xx_hal_cortex.o
                0x0000000008004a4a                HAL_SYSTICK_Config
 *fill*         0x0000000008004a62        0x2 
 .text.HAL_GPIO_Init
                0x0000000008004a64      0x338 ./Drivers/STM32F4xx_HAL_Driver/Src/stm32f4xx_hal_gpio.o
                0x0000000008004a64                HAL_GPIO_Init
 .text.HAL_GPIO_ReadPin
                0x0000000008004d9c       0x30 ./Drivers/STM32F4xx_HAL_Driver/Src/stm32f4xx_hal_gpio.o
                0x0000000008004d9c                HAL_GPIO_ReadPin
 .text.HAL_RCC_OscConfig
                0x0000000008004dcc      0x4f0 ./Drivers/STM32F4xx_HAL_Driver/Src/stm32f4xx_hal_rcc.o
                0x0000000008004dcc                HAL_RCC_OscConfig
 .text.HAL_RCC_ClockConfig
                0x00000000080052bc      0x1cc ./Drivers/STM32F4xx_HAL_Driver/Src/stm32f4xx_hal_rcc.o
                0x00000000080052bc                HAL_RCC_ClockConfig
 .text.HAL_RCC_GetSysClockFreq
                0x0000000008005488      0x20c ./Drivers/STM32F4xx_HAL_Driver/Src/stm32f4xx_hal_rcc.o
                0x0000000008005488                HAL_RCC_GetSysClockFreq
 .text.HAL_TIM_PWM_Init
                0x0000000008005694       0x9e ./Drivers/STM32F4xx_HAL_Driver/Src/stm32f4xx_hal_tim.o
                0x0000000008005694                HAL_TIM_PWM_Init
 *fill*         0x0000000008005732        0x2 
 .text.HAL_TIM_PWM_Start
                0x0000000008005734      0x190 ./Drivers/STM32F4xx_HAL_Driver/Src/stm32f4xx_hal_tim.o
                0x0000000008005734                HAL_TIM_PWM_Start
 .text.HAL_TIM_Encoder_Init
                0x00000000080058c4      0x14c ./Drivers/STM32F4xx_HAL_Driver/Src/stm32f4xx_hal_tim.o
                0x00000000080058c4                HAL_TIM_Encoder_Init
 .text.HAL_TIM_Encoder_Start
                0x0000000008005a10      0x11c ./Drivers/STM32F4xx_HAL_Driver/Src/stm32f4xx_hal_tim.o
                0x0000000008005a10                HAL_TIM_Encoder_Start
 .text.HAL_TIM_IRQHandler
                0x0000000008005b2c      0x1e0 ./Drivers/STM32F4xx_HAL_Driver/Src/stm32f4xx_hal_tim.o
                0x0000000008005b2c                HAL_TIM_IRQHandler
 .text.HAL_TIM_PWM_ConfigChannel
                0x0000000008005d0c      0x184 ./Drivers/STM32F4xx_HAL_Driver/Src/stm32f4xx_hal_tim.o
                0x0000000008005d0c                HAL_TIM_PWM_ConfigChannel
 .text.HAL_TIM_PeriodElapsedCallback
                0x0000000008005e90       0x14 ./Drivers/STM32F4xx_HAL_Driver/Src/stm32f4xx_hal_tim.o
                0x0000000008005e90                HAL_TIM_PeriodElapsedCallback
 .text.HAL_TIM_OC_DelayElapsedCallback
                0x0000000008005ea4       0x14 ./Drivers/STM32F4xx_HAL_Driver/Src/stm32f4xx_hal_tim.o
                0x0000000008005ea4                HAL_TIM_OC_DelayElapsedCallback
 .text.HAL_TIM_IC_CaptureCallback
                0x0000000008005eb8       0x14 ./Drivers/STM32F4xx_HAL_Driver/Src/stm32f4xx_hal_tim.o
                0x0000000008005eb8                HAL_TIM_IC_CaptureCallback
 .text.HAL_TIM_PWM_PulseFinishedCallback
                0x0000000008005ecc       0x14 ./Drivers/STM32F4xx_HAL_Driver/Src/stm32f4xx_hal_tim.o
                0x0000000008005ecc                HAL_TIM_PWM_PulseFinishedCallback
 .text.HAL_TIM_TriggerCallback
                0x0000000008005ee0       0x14 ./Drivers/STM32F4xx_HAL_Driver/Src/stm32f4xx_hal_tim.o
                0x0000000008005ee0                HAL_TIM_TriggerCallback
 .text.TIM_Base_SetConfig
                0x0000000008005ef4      0x158 ./Drivers/STM32F4xx_HAL_Driver/Src/stm32f4xx_hal_tim.o
                0x0000000008005ef4                TIM_Base_SetConfig
 .text.TIM_OC1_SetConfig
                0x000000000800604c       0xe0 ./Drivers/STM32F4xx_HAL_Driver/Src/stm32f4xx_hal_tim.o
 .text.TIM_OC2_SetConfig
                0x000000000800612c       0xec ./Drivers/STM32F4xx_HAL_Driver/Src/stm32f4xx_hal_tim.o
                0x000000000800612c                TIM_OC2_SetConfig
 .text.TIM_OC3_SetConfig
                0x0000000008006218       0xe8 ./Drivers/STM32F4xx_HAL_Driver/Src/stm32f4xx_hal_tim.o
 .text.TIM_OC4_SetConfig
                0x0000000008006300       0xac ./Drivers/STM32F4xx_HAL_Driver/Src/stm32f4xx_hal_tim.o
 .text.TIM_CCxChannelCmd
                0x00000000080063ac       0x4a ./Drivers/STM32F4xx_HAL_Driver/Src/stm32f4xx_hal_tim.o
                0x00000000080063ac                TIM_CCxChannelCmd
 *fill*         0x00000000080063f6        0x2 
 .text.HAL_TIMEx_MasterConfigSynchronization
                0x00000000080063f8       0xf8 ./Drivers/STM32F4xx_HAL_Driver/Src/stm32f4xx_hal_tim_ex.o
                0x00000000080063f8                HAL_TIMEx_MasterConfigSynchronization
 .text.HAL_TIMEx_ConfigBreakDeadTime
                0x00000000080064f0       0xa4 ./Drivers/STM32F4xx_HAL_Driver/Src/stm32f4xx_hal_tim_ex.o
                0x00000000080064f0                HAL_TIMEx_ConfigBreakDeadTime
 .text.HAL_TIMEx_CommutCallback
                0x0000000008006594       0x14 ./Drivers/STM32F4xx_HAL_Driver/Src/stm32f4xx_hal_tim_ex.o
                0x0000000008006594                HAL_TIMEx_CommutCallback
 .text.HAL_TIMEx_BreakCallback
                0x00000000080065a8       0x14 ./Drivers/STM32F4xx_HAL_Driver/Src/stm32f4xx_hal_tim_ex.o
                0x00000000080065a8                HAL_TIMEx_BreakCallback
 .text.makeFreeRtosPriority
                0x00000000080065bc       0x30 ./Middlewares/Third_Party/FreeRTOS/Source/CMSIS_RTOS/cmsis_os.o
 .text.osKernelStart
                0x00000000080065ec        0xe ./Middlewares/Third_Party/FreeRTOS/Source/CMSIS_RTOS/cmsis_os.o
                0x00000000080065ec                osKernelStart
 .text.osThreadCreate
                0x00000000080065fa       0x98 ./Middlewares/Third_Party/FreeRTOS/Source/CMSIS_RTOS/cmsis_os.o
                0x00000000080065fa                osThreadCreate
 .text.osDelay  0x0000000008006692       0x28 ./Middlewares/Third_Party/FreeRTOS/Source/CMSIS_RTOS/cmsis_os.o
                0x0000000008006692                osDelay
 .text.vListInitialise
                0x00000000080066ba       0x40 ./Middlewares/Third_Party/FreeRTOS/Source/list.o
                0x00000000080066ba                vListInitialise
 .text.vListInitialiseItem
                0x00000000080066fa       0x1a ./Middlewares/Third_Party/FreeRTOS/Source/list.o
                0x00000000080066fa                vListInitialiseItem
 .text.vListInsertEnd
                0x0000000008006714       0x48 ./Middlewares/Third_Party/FreeRTOS/Source/list.o
                0x0000000008006714                vListInsertEnd
 .text.vListInsert
                0x000000000800675c       0x72 ./Middlewares/Third_Party/FreeRTOS/Source/list.o
                0x000000000800675c                vListInsert
 .text.uxListRemove
                0x00000000080067ce       0x54 ./Middlewares/Third_Party/FreeRTOS/Source/list.o
                0x00000000080067ce                uxListRemove
 .text.xTaskCreateStatic
                0x0000000008006822       0xba ./Middlewares/Third_Party/FreeRTOS/Source/tasks.o
                0x0000000008006822                xTaskCreateStatic
 .text.xTaskCreate
                0x00000000080068dc       0x8a ./Middlewares/Third_Party/FreeRTOS/Source/tasks.o
                0x00000000080068dc                xTaskCreate
 .text.prvInitialiseNewTask
                0x0000000008006966      0x10e ./Middlewares/Third_Party/FreeRTOS/Source/tasks.o
 .text.prvAddNewTaskToReadyList
                0x0000000008006a74       0xd4 ./Middlewares/Third_Party/FreeRTOS/Source/tasks.o
 .text.vTaskDelay
                0x0000000008006b48       0x68 ./Middlewares/Third_Party/FreeRTOS/Source/tasks.o
                0x0000000008006b48                vTaskDelay
 .text.vTaskStartScheduler
                0x0000000008006bb0       0xc0 ./Middlewares/Third_Party/FreeRTOS/Source/tasks.o
                0x0000000008006bb0                vTaskStartScheduler
 .text.vTaskSuspendAll
                0x0000000008006c70       0x1c ./Middlewares/Third_Party/FreeRTOS/Source/tasks.o
                0x0000000008006c70                vTaskSuspendAll
 .text.xTaskResumeAll
                0x0000000008006c8c      0x138 ./Middlewares/Third_Party/FreeRTOS/Source/tasks.o
                0x0000000008006c8c                xTaskResumeAll
 .text.xTaskIncrementTick
                0x0000000008006dc4      0x170 ./Middlewares/Third_Party/FreeRTOS/Source/tasks.o
                0x0000000008006dc4                xTaskIncrementTick
 .text.vTaskSwitchContext
                0x0000000008006f34       0xb8 ./Middlewares/Third_Party/FreeRTOS/Source/tasks.o
                0x0000000008006f34                vTaskSwitchContext
 .text.prvIdleTask
                0x0000000008006fec       0x30 ./Middlewares/Third_Party/FreeRTOS/Source/tasks.o
 .text.prvInitialiseTaskLists
                0x000000000800701c       0x80 ./Middlewares/Third_Party/FreeRTOS/Source/tasks.o
 .text.prvCheckTasksWaitingTermination
                0x000000000800709c       0x5c ./Middlewares/Third_Party/FreeRTOS/Source/tasks.o
 .text.prvDeleteTCB
                0x00000000080070f8       0x5e ./Middlewares/Third_Party/FreeRTOS/Source/tasks.o
 *fill*         0x0000000008007156        0x2 
 .text.prvResetNextTaskUnblockTime
                0x0000000008007158       0x40 ./Middlewares/Third_Party/FreeRTOS/Source/tasks.o
 .text.xTaskGetSchedulerState
                0x0000000008007198       0x3c ./Middlewares/Third_Party/FreeRTOS/Source/tasks.o
                0x0000000008007198                xTaskGetSchedulerState
 .text.prvAddCurrentTaskToDelayedList
                0x00000000080071d4       0xcc ./Middlewares/Third_Party/FreeRTOS/Source/tasks.o
 .text.pxPortInitialiseStack
                0x00000000080072a0       0x68 ./Middlewares/Third_Party/FreeRTOS/Source/portable/GCC/ARM_CM4F/port.o
                0x00000000080072a0                pxPortInitialiseStack
 .text.prvTaskExitError
                0x0000000008007308       0x58 ./Middlewares/Third_Party/FreeRTOS/Source/portable/GCC/ARM_CM4F/port.o
 .text.SVC_Handler
                0x0000000008007360       0x28 ./Middlewares/Third_Party/FreeRTOS/Source/portable/GCC/ARM_CM4F/port.o
                0x0000000008007360                SVC_Handler
 .text.prvPortStartFirstTask
                0x0000000008007388       0x28 ./Middlewares/Third_Party/FreeRTOS/Source/portable/GCC/ARM_CM4F/port.o
 .text.xPortStartScheduler
                0x00000000080073b0      0x144 ./Middlewares/Third_Party/FreeRTOS/Source/portable/GCC/ARM_CM4F/port.o
                0x00000000080073b0                xPortStartScheduler
 .text.vPortEnterCritical
                0x00000000080074f4       0x60 ./Middlewares/Third_Party/FreeRTOS/Source/portable/GCC/ARM_CM4F/port.o
                0x00000000080074f4                vPortEnterCritical
 .text.vPortExitCritical
                0x0000000008007554       0x54 ./Middlewares/Third_Party/FreeRTOS/Source/portable/GCC/ARM_CM4F/port.o
                0x0000000008007554                vPortExitCritical
 *fill*         0x00000000080075a8        0x8 
 .text.PendSV_Handler
                0x00000000080075b0       0x68 ./Middlewares/Third_Party/FreeRTOS/Source/portable/GCC/ARM_CM4F/port.o
                0x00000000080075b0                PendSV_Handler
 .text.xPortSysTickHandler
                0x0000000008007618       0x44 ./Middlewares/Third_Party/FreeRTOS/Source/portable/GCC/ARM_CM4F/port.o
                0x0000000008007618                xPortSysTickHandler
 .text.vPortSetupTimerInterrupt
                0x000000000800765c       0x48 ./Middlewares/Third_Party/FreeRTOS/Source/portable/GCC/ARM_CM4F/port.o
                0x000000000800765c                vPortSetupTimerInterrupt
 .text.vPortEnableVFP
                0x00000000080076a4       0x14 ./Middlewares/Third_Party/FreeRTOS/Source/portable/GCC/ARM_CM4F/port.o
 .text.pvPortMalloc
                0x00000000080076b8      0x198 ./Middlewares/Third_Party/FreeRTOS/Source/portable/MemMang/heap_4.o
                0x00000000080076b8                pvPortMalloc
 .text.vPortFree
                0x0000000008007850       0xc4 ./Middlewares/Third_Party/FreeRTOS/Source/portable/MemMang/heap_4.o
                0x0000000008007850                vPortFree
 .text.prvHeapInit
                0x0000000008007914       0xc4 ./Middlewares/Third_Party/FreeRTOS/Source/portable/MemMang/heap_4.o
 .text.prvInsertBlockIntoFreeList
                0x00000000080079d8       0xb4 ./Middlewares/Third_Party/FreeRTOS/Source/portable/MemMang/heap_4.o
 .text.memset   0x0000000008007a8c       0x10 C:/ST/STM32CubeIDE_1.14.1/STM32CubeIDE/plugins/com.st.stm32cube.ide.mcu.externaltools.gnu-tools-for-stm32.11.3.rel1.win32_1.1.100.202309141235/tools/bin/../lib/gcc/arm-none-eabi/11.3.1/../../../../arm-none-eabi/lib/thumb/v7e-m+fp/hard\libc_nano.a(libc_a-memset.o)
                0x0000000008007a8c                memset
 .text.__errno  0x0000000008007a9c        0xc C:/ST/STM32CubeIDE_1.14.1/STM32CubeIDE/plugins/com.st.stm32cube.ide.mcu.externaltools.gnu-tools-for-stm32.11.3.rel1.win32_1.1.100.202309141235/tools/bin/../lib/gcc/arm-none-eabi/11.3.1/../../../../arm-none-eabi/lib/thumb/v7e-m+fp/hard\libc_nano.a(libc_a-errno.o)
                0x0000000008007a9c                __errno
 .text.__libc_init_array
                0x0000000008007aa8       0x48 C:/ST/STM32CubeIDE_1.14.1/STM32CubeIDE/plugins/com.st.stm32cube.ide.mcu.externaltools.gnu-tools-for-stm32.11.3.rel1.win32_1.1.100.202309141235/tools/bin/../lib/gcc/arm-none-eabi/11.3.1/../../../../arm-none-eabi/lib/thumb/v7e-m+fp/hard\libc_nano.a(libc_a-init.o)
                0x0000000008007aa8                __libc_init_array
 .text.atan2    0x0000000008007af0        0x4 C:/ST/STM32CubeIDE_1.14.1/STM32CubeIDE/plugins/com.st.stm32cube.ide.mcu.externaltools.gnu-tools-for-stm32.11.3.rel1.win32_1.1.100.202309141235/tools/bin/../lib/gcc/arm-none-eabi/11.3.1/../../../../arm-none-eabi/lib/thumb/v7e-m+fp/hard\libm.a(libm_a-w_atan2.o)
                0x0000000008007af0                atan2
 .text.pow      0x0000000008007af4       0xe0 C:/ST/STM32CubeIDE_1.14.1/STM32CubeIDE/plugins/com.st.stm32cube.ide.mcu.externaltools.gnu-tools-for-stm32.11.3.rel1.win32_1.1.100.202309141235/tools/bin/../lib/gcc/arm-none-eabi/11.3.1/../../../../arm-none-eabi/lib/thumb/v7e-m+fp/hard\libm.a(libm_a-w_pow.o)
                0x0000000008007af4                pow
 .text.sqrt     0x0000000008007bd4       0x58 C:/ST/STM32CubeIDE_1.14.1/STM32CubeIDE/plugins/com.st.stm32cube.ide.mcu.externaltools.gnu-tools-for-stm32.11.3.rel1.win32_1.1.100.202309141235/tools/bin/../lib/gcc/arm-none-eabi/11.3.1/../../../../arm-none-eabi/lib/thumb/v7e-m+fp/hard\libm.a(libm_a-w_sqrt.o)
                0x0000000008007bd4                sqrt
 *fill*         0x0000000008007c2c        0x4 
 .text.cos      0x0000000008007c30       0xa8 C:/ST/STM32CubeIDE_1.14.1/STM32CubeIDE/plugins/com.st.stm32cube.ide.mcu.externaltools.gnu-tools-for-stm32.11.3.rel1.win32_1.1.100.202309141235/tools/bin/../lib/gcc/arm-none-eabi/11.3.1/../../../../arm-none-eabi/lib/thumb/v7e-m+fp/hard\libm.a(libm_a-s_cos.o)
                0x0000000008007c30                cos
 .text.sin      0x0000000008007cd8       0xb0 C:/ST/STM32CubeIDE_1.14.1/STM32CubeIDE/plugins/com.st.stm32cube.ide.mcu.externaltools.gnu-tools-for-stm32.11.3.rel1.win32_1.1.100.202309141235/tools/bin/../lib/gcc/arm-none-eabi/11.3.1/../../../../arm-none-eabi/lib/thumb/v7e-m+fp/hard\libm.a(libm_a-s_sin.o)
                0x0000000008007cd8                sin
 .text.finite   0x0000000008007d88       0x16 C:/ST/STM32CubeIDE_1.14.1/STM32CubeIDE/plugins/com.st.stm32cube.ide.mcu.externaltools.gnu-tools-for-stm32.11.3.rel1.win32_1.1.100.202309141235/tools/bin/../lib/gcc/arm-none-eabi/11.3.1/../../../../arm-none-eabi/lib/thumb/v7e-m+fp/hard\libm.a(libm_a-s_finite.o)
                0x0000000008007d88                finite
 *fill*         0x0000000008007d9e        0x2 
 .text.__ieee754_sqrt
                0x0000000008007da0      0x1b4 C:/ST/STM32CubeIDE_1.14.1/STM32CubeIDE/plugins/com.st.stm32cube.ide.mcu.externaltools.gnu-tools-for-stm32.11.3.rel1.win32_1.1.100.202309141235/tools/bin/../lib/gcc/arm-none-eabi/11.3.1/../../../../arm-none-eabi/lib/thumb/v7e-m+fp/hard\libm.a(libm_a-e_sqrt.o)
                0x0000000008007da0                __ieee754_sqrt
 *fill*         0x0000000008007f54        0x4 
 .text.__kernel_cos
                0x0000000008007f58      0x18c C:/ST/STM32CubeIDE_1.14.1/STM32CubeIDE/plugins/com.st.stm32cube.ide.mcu.externaltools.gnu-tools-for-stm32.11.3.rel1.win32_1.1.100.202309141235/tools/bin/../lib/gcc/arm-none-eabi/11.3.1/../../../../arm-none-eabi/lib/thumb/v7e-m+fp/hard\libm.a(libm_a-k_cos.o)
                0x0000000008007f58                __kernel_cos
 *fill*         0x00000000080080e4        0x4 
 .text.__kernel_sin
                0x00000000080080e8      0x17c C:/ST/STM32CubeIDE_1.14.1/STM32CubeIDE/plugins/com.st.stm32cube.ide.mcu.externaltools.gnu-tools-for-stm32.11.3.rel1.win32_1.1.100.202309141235/tools/bin/../lib/gcc/arm-none-eabi/11.3.1/../../../../arm-none-eabi/lib/thumb/v7e-m+fp/hard\libm.a(libm_a-k_sin.o)
                0x00000000080080e8                __kernel_sin
 *fill*         0x0000000008008264        0x4 
 .text.__ieee754_atan2
                0x0000000008008268      0x18c C:/ST/STM32CubeIDE_1.14.1/STM32CubeIDE/plugins/com.st.stm32cube.ide.mcu.externaltools.gnu-tools-for-stm32.11.3.rel1.win32_1.1.100.202309141235/tools/bin/../lib/gcc/arm-none-eabi/11.3.1/../../../../arm-none-eabi/lib/thumb/v7e-m+fp/hard\libm.a(libm_a-e_atan2.o)
                0x0000000008008268                __ieee754_atan2
 *fill*         0x00000000080083f4        0x4 
 .text.__ieee754_pow
                0x00000000080083f8      0xa54 C:/ST/STM32CubeIDE_1.14.1/STM32CubeIDE/plugins/com.st.stm32cube.ide.mcu.externaltools.gnu-tools-for-stm32.11.3.rel1.win32_1.1.100.202309141235/tools/bin/../lib/gcc/arm-none-eabi/11.3.1/../../../../arm-none-eabi/lib/thumb/v7e-m+fp/hard\libm.a(libm_a-e_pow.o)
                0x00000000080083f8                __ieee754_pow
 *fill*         0x0000000008008e4c        0x4 
 .text.__ieee754_rem_pio2
                0x0000000008008e50      0x40c C:/ST/STM32CubeIDE_1.14.1/STM32CubeIDE/plugins/com.st.stm32cube.ide.mcu.externaltools.gnu-tools-for-stm32.11.3.rel1.win32_1.1.100.202309141235/tools/bin/../lib/gcc/arm-none-eabi/11.3.1/../../../../arm-none-eabi/lib/thumb/v7e-m+fp/hard\libm.a(libm_a-e_rem_pio2.o)
                0x0000000008008e50                __ieee754_rem_pio2
 *fill*         0x000000000800925c        0x4 
 .text.atan     0x0000000008009260      0x340 C:/ST/STM32CubeIDE_1.14.1/STM32CubeIDE/plugins/com.st.stm32cube.ide.mcu.externaltools.gnu-tools-for-stm32.11.3.rel1.win32_1.1.100.202309141235/tools/bin/../lib/gcc/arm-none-eabi/11.3.1/../../../../arm-none-eabi/lib/thumb/v7e-m+fp/hard\libm.a(libm_a-s_atan.o)
                0x0000000008009260                atan
 .text.fabs     0x00000000080095a0       0x12 C:/ST/STM32CubeIDE_1.14.1/STM32CubeIDE/plugins/com.st.stm32cube.ide.mcu.externaltools.gnu-tools-for-stm32.11.3.rel1.win32_1.1.100.202309141235/tools/bin/../lib/gcc/arm-none-eabi/11.3.1/../../../../arm-none-eabi/lib/thumb/v7e-m+fp/hard\libm.a(libm_a-s_fabs.o)
                0x00000000080095a0                fabs
 *fill*         0x00000000080095b2        0x6 
 .text.scalbn   0x00000000080095b8       0xfc C:/ST/STM32CubeIDE_1.14.1/STM32CubeIDE/plugins/com.st.stm32cube.ide.mcu.externaltools.gnu-tools-for-stm32.11.3.rel1.win32_1.1.100.202309141235/tools/bin/../lib/gcc/arm-none-eabi/11.3.1/../../../../arm-none-eabi/lib/thumb/v7e-m+fp/hard\libm.a(libm_a-s_scalbn.o)
                0x00000000080095b8                scalbn
 .text.with_errno
                0x00000000080096b4       0x14 C:/ST/STM32CubeIDE_1.14.1/STM32CubeIDE/plugins/com.st.stm32cube.ide.mcu.externaltools.gnu-tools-for-stm32.11.3.rel1.win32_1.1.100.202309141235/tools/bin/../lib/gcc/arm-none-eabi/11.3.1/../../../../arm-none-eabi/lib/thumb/v7e-m+fp/hard\libm.a(libm_a-math_err.o)
 .text.xflow    0x00000000080096c8       0x28 C:/ST/STM32CubeIDE_1.14.1/STM32CubeIDE/plugins/com.st.stm32cube.ide.mcu.externaltools.gnu-tools-for-stm32.11.3.rel1.win32_1.1.100.202309141235/tools/bin/../lib/gcc/arm-none-eabi/11.3.1/../../../../arm-none-eabi/lib/thumb/v7e-m+fp/hard\libm.a(libm_a-math_err.o)
 .text.__math_uflow
                0x00000000080096f0       0x12 C:/ST/STM32CubeIDE_1.14.1/STM32CubeIDE/plugins/com.st.stm32cube.ide.mcu.externaltools.gnu-tools-for-stm32.11.3.rel1.win32_1.1.100.202309141235/tools/bin/../lib/gcc/arm-none-eabi/11.3.1/../../../../arm-none-eabi/lib/thumb/v7e-m+fp/hard\libm.a(libm_a-math_err.o)
                0x00000000080096f0                __math_uflow
 .text.__math_oflow
                0x0000000008009702       0x12 C:/ST/STM32CubeIDE_1.14.1/STM32CubeIDE/plugins/com.st.stm32cube.ide.mcu.externaltools.gnu-tools-for-stm32.11.3.rel1.win32_1.1.100.202309141235/tools/bin/../lib/gcc/arm-none-eabi/11.3.1/../../../../arm-none-eabi/lib/thumb/v7e-m+fp/hard\libm.a(libm_a-math_err.o)
                0x0000000008009702                __math_oflow
 *fill*         0x0000000008009714        0x4 
 .text.__kernel_rem_pio2
                0x0000000008009718      0x69c C:/ST/STM32CubeIDE_1.14.1/STM32CubeIDE/plugins/com.st.stm32cube.ide.mcu.externaltools.gnu-tools-for-stm32.11.3.rel1.win32_1.1.100.202309141235/tools/bin/../lib/gcc/arm-none-eabi/11.3.1/../../../../arm-none-eabi/lib/thumb/v7e-m+fp/hard\libm.a(libm_a-k_rem_pio2.o)
                0x0000000008009718                __kernel_rem_pio2
 *fill*         0x0000000008009db4        0x4 
 .text.floor    0x0000000008009db8      0x100 C:/ST/STM32CubeIDE_1.14.1/STM32CubeIDE/plugins/com.st.stm32cube.ide.mcu.externaltools.gnu-tools-for-stm32.11.3.rel1.win32_1.1.100.202309141235/tools/bin/../lib/gcc/arm-none-eabi/11.3.1/../../../../arm-none-eabi/lib/thumb/v7e-m+fp/hard\libm.a(libm_a-s_floor.o)
                0x0000000008009db8                floor
 *(.glue_7)
 .glue_7        0x0000000008009eb8        0x0 linker stubs
 *(.glue_7t)
 .glue_7t       0x0000000008009eb8        0x0 linker stubs
 *(.eh_frame)
 .eh_frame      0x0000000008009eb8        0x0 C:/ST/STM32CubeIDE_1.14.1/STM32CubeIDE/plugins/com.st.stm32cube.ide.mcu.externaltools.gnu-tools-for-stm32.11.3.rel1.win32_1.1.100.202309141235/tools/bin/../lib/gcc/arm-none-eabi/11.3.1/thumb/v7e-m+fp/hard/crtbegin.o
 *(.init)
 .init          0x0000000008009eb8        0x4 C:/ST/STM32CubeIDE_1.14.1/STM32CubeIDE/plugins/com.st.stm32cube.ide.mcu.externaltools.gnu-tools-for-stm32.11.3.rel1.win32_1.1.100.202309141235/tools/bin/../lib/gcc/arm-none-eabi/11.3.1/thumb/v7e-m+fp/hard/crti.o
                0x0000000008009eb8                _init
 .init          0x0000000008009ebc        0x8 C:/ST/STM32CubeIDE_1.14.1/STM32CubeIDE/plugins/com.st.stm32cube.ide.mcu.externaltools.gnu-tools-for-stm32.11.3.rel1.win32_1.1.100.202309141235/tools/bin/../lib/gcc/arm-none-eabi/11.3.1/thumb/v7e-m+fp/hard/crtn.o
 *(.fini)
 .fini          0x0000000008009ec4        0x4 C:/ST/STM32CubeIDE_1.14.1/STM32CubeIDE/plugins/com.st.stm32cube.ide.mcu.externaltools.gnu-tools-for-stm32.11.3.rel1.win32_1.1.100.202309141235/tools/bin/../lib/gcc/arm-none-eabi/11.3.1/thumb/v7e-m+fp/hard/crti.o
                0x0000000008009ec4                _fini
 .fini          0x0000000008009ec8        0x8 C:/ST/STM32CubeIDE_1.14.1/STM32CubeIDE/plugins/com.st.stm32cube.ide.mcu.externaltools.gnu-tools-for-stm32.11.3.rel1.win32_1.1.100.202309141235/tools/bin/../lib/gcc/arm-none-eabi/11.3.1/thumb/v7e-m+fp/hard/crtn.o
                0x0000000008009ed0                . = ALIGN (0x4)
                0x0000000008009ed0                _etext = .

.vfp11_veneer   0x0000000008009ed0        0x0
 .vfp11_veneer  0x0000000008009ed0        0x0 linker stubs

.v4_bx          0x0000000008009ed0        0x0
 .v4_bx         0x0000000008009ed0        0x0 linker stubs

.iplt           0x0000000008009ed0        0x0
 .iplt          0x0000000008009ed0        0x0 C:/ST/STM32CubeIDE_1.14.1/STM32CubeIDE/plugins/com.st.stm32cube.ide.mcu.externaltools.gnu-tools-for-stm32.11.3.rel1.win32_1.1.100.202309141235/tools/bin/../lib/gcc/arm-none-eabi/11.3.1/thumb/v7e-m+fp/hard/crtbegin.o

.rodata         0x0000000008009ed0      0x308
                0x0000000008009ed0                . = ALIGN (0x4)
 *(.rodata)
 .rodata        0x0000000008009ed0       0x78 ./Core/Src/main.o
 .rodata        0x0000000008009f48        0x5 ./Middlewares/Third_Party/FreeRTOS/Source/tasks.o
 *(.rodata*)
 *fill*         0x0000000008009f4d        0x3 
 .rodata.AHBPrescTable
                0x0000000008009f50       0x10 ./Core/Src/system_stm32f4xx.o
                0x0000000008009f50                AHBPrescTable
 .rodata.CSWTCH.8
                0x0000000008009f60       0x18 C:/ST/STM32CubeIDE_1.14.1/STM32CubeIDE/plugins/com.st.stm32cube.ide.mcu.externaltools.gnu-tools-for-stm32.11.3.rel1.win32_1.1.100.202309141235/tools/bin/../lib/gcc/arm-none-eabi/11.3.1/../../../../arm-none-eabi/lib/thumb/v7e-m+fp/hard\libm.a(libm_a-e_atan2.o)
 .rodata.CSWTCH.9
                0x0000000008009f78       0x18 C:/ST/STM32CubeIDE_1.14.1/STM32CubeIDE/plugins/com.st.stm32cube.ide.mcu.externaltools.gnu-tools-for-stm32.11.3.rel1.win32_1.1.100.202309141235/tools/bin/../lib/gcc/arm-none-eabi/11.3.1/../../../../arm-none-eabi/lib/thumb/v7e-m+fp/hard\libm.a(libm_a-e_atan2.o)
 .rodata.bp     0x0000000008009f90       0x10 C:/ST/STM32CubeIDE_1.14.1/STM32CubeIDE/plugins/com.st.stm32cube.ide.mcu.externaltools.gnu-tools-for-stm32.11.3.rel1.win32_1.1.100.202309141235/tools/bin/../lib/gcc/arm-none-eabi/11.3.1/../../../../arm-none-eabi/lib/thumb/v7e-m+fp/hard\libm.a(libm_a-e_pow.o)
 .rodata.dp_h   0x0000000008009fa0       0x10 C:/ST/STM32CubeIDE_1.14.1/STM32CubeIDE/plugins/com.st.stm32cube.ide.mcu.externaltools.gnu-tools-for-stm32.11.3.rel1.win32_1.1.100.202309141235/tools/bin/../lib/gcc/arm-none-eabi/11.3.1/../../../../arm-none-eabi/lib/thumb/v7e-m+fp/hard\libm.a(libm_a-e_pow.o)
 .rodata.dp_l   0x0000000008009fb0       0x10 C:/ST/STM32CubeIDE_1.14.1/STM32CubeIDE/plugins/com.st.stm32cube.ide.mcu.externaltools.gnu-tools-for-stm32.11.3.rel1.win32_1.1.100.202309141235/tools/bin/../lib/gcc/arm-none-eabi/11.3.1/../../../../arm-none-eabi/lib/thumb/v7e-m+fp/hard\libm.a(libm_a-e_pow.o)
 .rodata.npio2_hw
                0x0000000008009fc0       0x80 C:/ST/STM32CubeIDE_1.14.1/STM32CubeIDE/plugins/com.st.stm32cube.ide.mcu.externaltools.gnu-tools-for-stm32.11.3.rel1.win32_1.1.100.202309141235/tools/bin/../lib/gcc/arm-none-eabi/11.3.1/../../../../arm-none-eabi/lib/thumb/v7e-m+fp/hard\libm.a(libm_a-e_rem_pio2.o)
 .rodata.two_over_pi
                0x000000000800a040      0x108 C:/ST/STM32CubeIDE_1.14.1/STM32CubeIDE/plugins/com.st.stm32cube.ide.mcu.externaltools.gnu-tools-for-stm32.11.3.rel1.win32_1.1.100.202309141235/tools/bin/../lib/gcc/arm-none-eabi/11.3.1/../../../../arm-none-eabi/lib/thumb/v7e-m+fp/hard\libm.a(libm_a-e_rem_pio2.o)
 .rodata.atanhi
                0x000000000800a148       0x20 C:/ST/STM32CubeIDE_1.14.1/STM32CubeIDE/plugins/com.st.stm32cube.ide.mcu.externaltools.gnu-tools-for-stm32.11.3.rel1.win32_1.1.100.202309141235/tools/bin/../lib/gcc/arm-none-eabi/11.3.1/../../../../arm-none-eabi/lib/thumb/v7e-m+fp/hard\libm.a(libm_a-s_atan.o)
 .rodata.atanlo
                0x000000000800a168       0x20 C:/ST/STM32CubeIDE_1.14.1/STM32CubeIDE/plugins/com.st.stm32cube.ide.mcu.externaltools.gnu-tools-for-stm32.11.3.rel1.win32_1.1.100.202309141235/tools/bin/../lib/gcc/arm-none-eabi/11.3.1/../../../../arm-none-eabi/lib/thumb/v7e-m+fp/hard\libm.a(libm_a-s_atan.o)
 .rodata.PIo2   0x000000000800a188       0x40 C:/ST/STM32CubeIDE_1.14.1/STM32CubeIDE/plugins/com.st.stm32cube.ide.mcu.externaltools.gnu-tools-for-stm32.11.3.rel1.win32_1.1.100.202309141235/tools/bin/../lib/gcc/arm-none-eabi/11.3.1/../../../../arm-none-eabi/lib/thumb/v7e-m+fp/hard\libm.a(libm_a-k_rem_pio2.o)
 .rodata.init_jk
                0x000000000800a1c8       0x10 C:/ST/STM32CubeIDE_1.14.1/STM32CubeIDE/plugins/com.st.stm32cube.ide.mcu.externaltools.gnu-tools-for-stm32.11.3.rel1.win32_1.1.100.202309141235/tools/bin/../lib/gcc/arm-none-eabi/11.3.1/../../../../arm-none-eabi/lib/thumb/v7e-m+fp/hard\libm.a(libm_a-k_rem_pio2.o)
                0x000000000800a1d8                . = ALIGN (0x4)

.ARM.extab      0x000000000800a1d8        0x0
                0x000000000800a1d8                . = ALIGN (0x4)
 *(.ARM.extab* .gnu.linkonce.armextab.*)
                0x000000000800a1d8                . = ALIGN (0x4)

.ARM            0x000000000800a1d8        0x8
                0x000000000800a1d8                . = ALIGN (0x4)
                0x000000000800a1d8                __exidx_start = .
 *(.ARM.exidx*)
 .ARM.exidx     0x000000000800a1d8        0x8 C:/ST/STM32CubeIDE_1.14.1/STM32CubeIDE/plugins/com.st.stm32cube.ide.mcu.externaltools.gnu-tools-for-stm32.11.3.rel1.win32_1.1.100.202309141235/tools/bin/../lib/gcc/arm-none-eabi/11.3.1/thumb/v7e-m+fp/hard\libgcc.a(_udivmoddi4.o)
                0x000000000800a1e0                __exidx_end = .
                0x000000000800a1e0                . = ALIGN (0x4)

.preinit_array  0x000000000800a1e0        0x0
                0x000000000800a1e0                . = ALIGN (0x4)
                0x000000000800a1e0                PROVIDE (__preinit_array_start = .)
 *(.preinit_array*)
                0x000000000800a1e0                PROVIDE (__preinit_array_end = .)
                0x000000000800a1e0                . = ALIGN (0x4)

.init_array     0x000000000800a1e0        0x4
                0x000000000800a1e0                . = ALIGN (0x4)
                0x000000000800a1e0                PROVIDE (__init_array_start = .)
 *(SORT_BY_NAME(.init_array.*))
 *(.init_array*)
 .init_array    0x000000000800a1e0        0x4 C:/ST/STM32CubeIDE_1.14.1/STM32CubeIDE/plugins/com.st.stm32cube.ide.mcu.externaltools.gnu-tools-for-stm32.11.3.rel1.win32_1.1.100.202309141235/tools/bin/../lib/gcc/arm-none-eabi/11.3.1/thumb/v7e-m+fp/hard/crtbegin.o
                0x000000000800a1e4                PROVIDE (__init_array_end = .)
                0x000000000800a1e4                . = ALIGN (0x4)

.fini_array     0x000000000800a1e4        0x4
                0x000000000800a1e4                . = ALIGN (0x4)
                [!provide]                        PROVIDE (__fini_array_start = .)
 *(SORT_BY_NAME(.fini_array.*))
 *(.fini_array*)
 .fini_array    0x000000000800a1e4        0x4 C:/ST/STM32CubeIDE_1.14.1/STM32CubeIDE/plugins/com.st.stm32cube.ide.mcu.externaltools.gnu-tools-for-stm32.11.3.rel1.win32_1.1.100.202309141235/tools/bin/../lib/gcc/arm-none-eabi/11.3.1/thumb/v7e-m+fp/hard/crtbegin.o
                [!provide]                        PROVIDE (__fini_array_end = .)
                0x000000000800a1e8                . = ALIGN (0x4)
                0x000000000800a1e8                _sidata = LOADADDR (.data)

.rel.dyn        0x000000000800a1e8        0x0
 .rel.iplt      0x000000000800a1e8        0x0 C:/ST/STM32CubeIDE_1.14.1/STM32CubeIDE/plugins/com.st.stm32cube.ide.mcu.externaltools.gnu-tools-for-stm32.11.3.rel1.win32_1.1.100.202309141235/tools/bin/../lib/gcc/arm-none-eabi/11.3.1/thumb/v7e-m+fp/hard/crtbegin.o

.data           0x0000000020000000       0x88 load address 0x000000000800a1e8
                0x0000000020000000                . = ALIGN (0x4)
                0x0000000020000000                _sdata = .
 *(.data)
 *(.data*)
 .data.L1       0x0000000020000000        0x4 ./Core/Src/main.o
                0x0000000020000000                L1
 .data.L2       0x0000000020000004        0x4 ./Core/Src/main.o
                0x0000000020000004                L2
 .data.L3       0x0000000020000008        0x4 ./Core/Src/main.o
                0x0000000020000008                L3
 .data.L4       0x000000002000000c        0x4 ./Core/Src/main.o
                0x000000002000000c                L4
 .data.d1       0x0000000020000010        0x4 ./Core/Src/main.o
                0x0000000020000010                d1
 .data.SystemCoreClock
                0x0000000020000014        0x4 ./Core/Src/system_stm32f4xx.o
                0x0000000020000014                SystemCoreClock
 .data.uwTickPrio
                0x0000000020000018        0x4 ./Drivers/STM32F4xx_HAL_Driver/Src/stm32f4xx_hal.o
                0x0000000020000018                uwTickPrio
 .data.uwTickFreq
                0x000000002000001c        0x1 ./Drivers/STM32F4xx_HAL_Driver/Src/stm32f4xx_hal.o
                0x000000002000001c                uwTickFreq
 *fill*         0x000000002000001d        0x3 
 .data.uxCriticalNesting
                0x0000000020000020        0x4 ./Middlewares/Third_Party/FreeRTOS/Source/portable/GCC/ARM_CM4F/port.o
 .data._impure_data
                0x0000000020000024       0x4c C:/ST/STM32CubeIDE_1.14.1/STM32CubeIDE/plugins/com.st.stm32cube.ide.mcu.externaltools.gnu-tools-for-stm32.11.3.rel1.win32_1.1.100.202309141235/tools/bin/../lib/gcc/arm-none-eabi/11.3.1/../../../../arm-none-eabi/lib/thumb/v7e-m+fp/hard\libc_nano.a(libc_a-impure.o)
                0x0000000020000024                _impure_data
 .data._impure_ptr
                0x0000000020000070        0x4 C:/ST/STM32CubeIDE_1.14.1/STM32CubeIDE/plugins/com.st.stm32cube.ide.mcu.externaltools.gnu-tools-for-stm32.11.3.rel1.win32_1.1.100.202309141235/tools/bin/../lib/gcc/arm-none-eabi/11.3.1/../../../../arm-none-eabi/lib/thumb/v7e-m+fp/hard\libc_nano.a(libc_a-impure.o)
                0x0000000020000070                _impure_ptr
 *fill*         0x0000000020000074        0x4 
 .data.one      0x0000000020000078        0x8 C:/ST/STM32CubeIDE_1.14.1/STM32CubeIDE/plugins/com.st.stm32cube.ide.mcu.externaltools.gnu-tools-for-stm32.11.3.rel1.win32_1.1.100.202309141235/tools/bin/../lib/gcc/arm-none-eabi/11.3.1/../../../../arm-none-eabi/lib/thumb/v7e-m+fp/hard\libm.a(libm_a-e_sqrt.o)
 .data.tiny     0x0000000020000080        0x8 C:/ST/STM32CubeIDE_1.14.1/STM32CubeIDE/plugins/com.st.stm32cube.ide.mcu.externaltools.gnu-tools-for-stm32.11.3.rel1.win32_1.1.100.202309141235/tools/bin/../lib/gcc/arm-none-eabi/11.3.1/../../../../arm-none-eabi/lib/thumb/v7e-m+fp/hard\libm.a(libm_a-e_sqrt.o)
 *(.RamFunc)
 *(.RamFunc*)
                0x0000000020000088                . = ALIGN (0x4)
                0x0000000020000088                _edata = .
                0x000000000800a270                _siccmram = LOADADDR (.ccmram)

.igot.plt       0x0000000020000088        0x0 load address 0x000000000800a270
 .igot.plt      0x0000000020000088        0x0 C:/ST/STM32CubeIDE_1.14.1/STM32CubeIDE/plugins/com.st.stm32cube.ide.mcu.externaltools.gnu-tools-for-stm32.11.3.rel1.win32_1.1.100.202309141235/tools/bin/../lib/gcc/arm-none-eabi/11.3.1/thumb/v7e-m+fp/hard/crtbegin.o

.ccmram         0x0000000010000000        0x0 load address 0x000000000800a270
                0x0000000010000000                . = ALIGN (0x4)
                0x0000000010000000                _sccmram = .
 *(.ccmram)
 *(.ccmram*)
                0x0000000010000000                . = ALIGN (0x4)
                0x0000000010000000                _eccmram = .
                0x0000000010000000                . = ALIGN (0x4)

.bss            0x0000000020000088     0x47f0
                0x0000000020000088                _sbss = .
                0x0000000020000088                __bss_start__ = _sbss
 *(.bss)
 .bss           0x0000000020000088       0x1c C:/ST/STM32CubeIDE_1.14.1/STM32CubeIDE/plugins/com.st.stm32cube.ide.mcu.externaltools.gnu-tools-for-stm32.11.3.rel1.win32_1.1.100.202309141235/tools/bin/../lib/gcc/arm-none-eabi/11.3.1/thumb/v7e-m+fp/hard/crtbegin.o
 *(.bss*)
 .bss.xIdleTaskTCBBuffer
                0x00000000200000a4       0x54 ./Core/Src/freertos.o
 .bss.xIdleStack
                0x00000000200000f8      0x200 ./Core/Src/freertos.o
 .bss.htim1     0x00000000200002f8       0x48 ./Core/Src/main.o
                0x00000000200002f8                htim1
 .bss.htim2     0x0000000020000340       0x48 ./Core/Src/main.o
                0x0000000020000340                htim2
 .bss.htim3     0x0000000020000388       0x48 ./Core/Src/main.o
                0x0000000020000388                htim3
 .bss.htim4     0x00000000200003d0       0x48 ./Core/Src/main.o
                0x00000000200003d0                htim4
 .bss.htim5     0x0000000020000418       0x48 ./Core/Src/main.o
                0x0000000020000418                htim5
 .bss.htim8     0x0000000020000460       0x48 ./Core/Src/main.o
                0x0000000020000460                htim8
 .bss.htim9     0x00000000200004a8       0x48 ./Core/Src/main.o
                0x00000000200004a8                htim9
 .bss.defaultTaskHandle
                0x00000000200004f0        0x4 ./Core/Src/main.o
                0x00000000200004f0                defaultTaskHandle
 .bss.TaskSetHomeHandle
                0x00000000200004f4        0x4 ./Core/Src/main.o
                0x00000000200004f4                TaskSetHomeHandle
 .bss.TaskCalPIDHandle
                0x00000000200004f8        0x4 ./Core/Src/main.o
                0x00000000200004f8                TaskCalPIDHandle
 .bss.startProgram
                0x00000000200004fc        0x1 ./Core/Src/main.o
                0x00000000200004fc                startProgram
 .bss.startFK   0x00000000200004fd        0x1 ./Core/Src/main.o
                0x00000000200004fd                startFK
 .bss.startIK_BN1
                0x00000000200004fe        0x1 ./Core/Src/main.o
                0x00000000200004fe                startIK_BN1
 .bss.startIK_BN2
                0x00000000200004ff        0x1 ./Core/Src/main.o
                0x00000000200004ff                startIK_BN2
 .bss.SpeedSetHomeJ1
                0x0000000020000500        0x4 ./Core/Src/main.o
                0x0000000020000500                SpeedSetHomeJ1
 .bss.SpeedSetHomeJ2
                0x0000000020000504        0x4 ./Core/Src/main.o
                0x0000000020000504                SpeedSetHomeJ2
 .bss.SpeedSetHomeJ3
                0x0000000020000508        0x4 ./Core/Src/main.o
                0x0000000020000508                SpeedSetHomeJ3
 .bss.SpeedSetHomeJ4
                0x000000002000050c        0x4 ./Core/Src/main.o
                0x000000002000050c                SpeedSetHomeJ4
 .bss.sethomeJ1
                0x0000000020000510        0x1 ./Core/Src/main.o
                0x0000000020000510                sethomeJ1
 .bss.sethomeJ2
                0x0000000020000511        0x1 ./Core/Src/main.o
                0x0000000020000511                sethomeJ2
 .bss.sethomeJ3
                0x0000000020000512        0x1 ./Core/Src/main.o
                0x0000000020000512                sethomeJ3
 .bss.sethomeJ4
                0x0000000020000513        0x1 ./Core/Src/main.o
                0x0000000020000513                sethomeJ4
 .bss.inputTheta1
                0x0000000020000514        0x4 ./Core/Src/main.o
                0x0000000020000514                inputTheta1
 .bss.inputTheta2
                0x0000000020000518        0x4 ./Core/Src/main.o
                0x0000000020000518                inputTheta2
 .bss.inputTheta3
                0x000000002000051c        0x4 ./Core/Src/main.o
                0x000000002000051c                inputTheta3
 .bss.inputTheta4
                0x0000000020000520        0x4 ./Core/Src/main.o
                0x0000000020000520                inputTheta4
 .bss.inputPx   0x0000000020000524        0x4 ./Core/Src/main.o
                0x0000000020000524                inputPx
 .bss.inputPy   0x0000000020000528        0x4 ./Core/Src/main.o
                0x0000000020000528                inputPy
 .bss.inputPz   0x000000002000052c        0x4 ./Core/Src/main.o
                0x000000002000052c                inputPz
 .bss.inputTheta
                0x0000000020000530        0x4 ./Core/Src/main.o
                0x0000000020000530                inputTheta
 .bss.sensor1   0x0000000020000534        0x1 ./Core/Src/main.o
                0x0000000020000534                sensor1
 .bss.sensor2   0x0000000020000535        0x1 ./Core/Src/main.o
                0x0000000020000535                sensor2
 .bss.sensor3   0x0000000020000536        0x1 ./Core/Src/main.o
                0x0000000020000536                sensor3
 .bss.sensor4   0x0000000020000537        0x1 ./Core/Src/main.o
                0x0000000020000537                sensor4
 .bss.ENC_LINK1
                0x0000000020000538       0x48 ./Core/Src/main.o
                0x0000000020000538                ENC_LINK1
 .bss.Motor_LINK1
                0x0000000020000580       0x18 ./Core/Src/main.o
                0x0000000020000580                Motor_LINK1
 .bss.PID_DC_SPEED_LINK1
                0x0000000020000598       0x50 ./Core/Src/main.o
                0x0000000020000598                PID_DC_SPEED_LINK1
 .bss.PID_DC_POS_LINK1
                0x00000000200005e8       0x50 ./Core/Src/main.o
                0x00000000200005e8                PID_DC_POS_LINK1
 .bss.AngleLink1
                0x0000000020000638        0x4 ./Core/Src/main.o
                0x0000000020000638                AngleLink1
 *fill*         0x000000002000063c        0x4 
 .bss.ENC_LINK2
                0x0000000020000640       0x48 ./Core/Src/main.o
                0x0000000020000640                ENC_LINK2
 .bss.Motor_LINK2
                0x0000000020000688       0x18 ./Core/Src/main.o
                0x0000000020000688                Motor_LINK2
 .bss.PID_DC_SPEED_LINK2
                0x00000000200006a0       0x50 ./Core/Src/main.o
                0x00000000200006a0                PID_DC_SPEED_LINK2
 .bss.PID_DC_POS_LINK2
                0x00000000200006f0       0x50 ./Core/Src/main.o
                0x00000000200006f0                PID_DC_POS_LINK2
 .bss.AngleLink2
                0x0000000020000740        0x4 ./Core/Src/main.o
                0x0000000020000740                AngleLink2
 *fill*         0x0000000020000744        0x4 
 .bss.ENC_LINK3
                0x0000000020000748       0x48 ./Core/Src/main.o
                0x0000000020000748                ENC_LINK3
 .bss.Motor_LINK3
                0x0000000020000790       0x18 ./Core/Src/main.o
                0x0000000020000790                Motor_LINK3
 .bss.PID_DC_SPEED_LINK3
                0x00000000200007a8       0x50 ./Core/Src/main.o
                0x00000000200007a8                PID_DC_SPEED_LINK3
 .bss.PID_DC_POS_LINK3
                0x00000000200007f8       0x50 ./Core/Src/main.o
                0x00000000200007f8                PID_DC_POS_LINK3
 .bss.AngleLink3
                0x0000000020000848        0x4 ./Core/Src/main.o
                0x0000000020000848                AngleLink3
 *fill*         0x000000002000084c        0x4 
 .bss.ENC_LINK4
                0x0000000020000850       0x48 ./Core/Src/main.o
                0x0000000020000850                ENC_LINK4
 .bss.Motor_LINK4
                0x0000000020000898       0x18 ./Core/Src/main.o
                0x0000000020000898                Motor_LINK4
 .bss.PID_DC_SPEED_LINK4
                0x00000000200008b0       0x50 ./Core/Src/main.o
                0x00000000200008b0                PID_DC_SPEED_LINK4
 .bss.PID_DC_POS_LINK4
                0x0000000020000900       0x50 ./Core/Src/main.o
                0x0000000020000900                PID_DC_POS_LINK4
 .bss.AngleLink4
                0x0000000020000950        0x4 ./Core/Src/main.o
                0x0000000020000950                AngleLink4
 .bss.theta1_FK
                0x0000000020000954        0x4 ./Core/Src/main.o
                0x0000000020000954                theta1_FK
 .bss.theta2_FK
                0x0000000020000958        0x4 ./Core/Src/main.o
                0x0000000020000958                theta2_FK
 .bss.theta3_FK
                0x000000002000095c        0x4 ./Core/Src/main.o
                0x000000002000095c                theta3_FK
 .bss.theta4_FK
                0x0000000020000960        0x4 ./Core/Src/main.o
                0x0000000020000960                theta4_FK
 .bss.psi_FK    0x0000000020000964        0x4 ./Core/Src/main.o
                0x0000000020000964                psi_FK
 .bss.theta1_FK_rad
                0x0000000020000968        0x4 ./Core/Src/main.o
                0x0000000020000968                theta1_FK_rad
 .bss.theta2_FK_rad
                0x000000002000096c        0x4 ./Core/Src/main.o
                0x000000002000096c                theta2_FK_rad
 .bss.theta3_FK_rad
                0x0000000020000970        0x4 ./Core/Src/main.o
                0x0000000020000970                theta3_FK_rad
 .bss.theta4_FK_rad
                0x0000000020000974        0x4 ./Core/Src/main.o
                0x0000000020000974                theta4_FK_rad
 .bss.psi_FK_rad
                0x0000000020000978        0x4 ./Core/Src/main.o
                0x0000000020000978                psi_FK_rad
 .bss.Px_FK     0x000000002000097c        0x4 ./Core/Src/main.o
                0x000000002000097c                Px_FK
 .bss.Py_FK     0x0000000020000980        0x4 ./Core/Src/main.o
                0x0000000020000980                Py_FK
 .bss.Pz_FK     0x0000000020000984        0x4 ./Core/Src/main.o
                0x0000000020000984                Pz_FK
 .bss.Px_IK     0x0000000020000988        0x4 ./Core/Src/main.o
                0x0000000020000988                Px_IK
 .bss.Py_IK     0x000000002000098c        0x4 ./Core/Src/main.o
                0x000000002000098c                Py_IK
 .bss.Pz_IK     0x0000000020000990        0x4 ./Core/Src/main.o
                0x0000000020000990                Pz_IK
 .bss.Theta_IK  0x0000000020000994        0x4 ./Core/Src/main.o
                0x0000000020000994                Theta_IK
 .bss.theta1_IK_rad
                0x0000000020000998        0x4 ./Core/Src/main.o
                0x0000000020000998                theta1_IK_rad
 .bss.theta2_IK_rad
                0x000000002000099c        0x4 ./Core/Src/main.o
                0x000000002000099c                theta2_IK_rad
 .bss.theta3_IK_rad
                0x00000000200009a0        0x4 ./Core/Src/main.o
                0x00000000200009a0                theta3_IK_rad
 .bss.theta4_IK_rad
                0x00000000200009a4        0x4 ./Core/Src/main.o
                0x00000000200009a4                theta4_IK_rad
 .bss.Theta1_IK
                0x00000000200009a8        0x4 ./Core/Src/main.o
                0x00000000200009a8                Theta1_IK
 .bss.Theta2_IK
                0x00000000200009ac        0x4 ./Core/Src/main.o
                0x00000000200009ac                Theta2_IK
 .bss.Theta3_IK
                0x00000000200009b0        0x4 ./Core/Src/main.o
                0x00000000200009b0                Theta3_IK
 .bss.Theta4_IK
                0x00000000200009b4        0x4 ./Core/Src/main.o
                0x00000000200009b4                Theta4_IK
 .bss.alpha     0x00000000200009b8        0x4 ./Core/Src/main.o
                0x00000000200009b8                alpha
 .bss.k         0x00000000200009bc        0x4 ./Core/Src/main.o
                0x00000000200009bc                k
 .bss.E         0x00000000200009c0        0x4 ./Core/Src/main.o
                0x00000000200009c0                E
 .bss.F         0x00000000200009c4        0x4 ./Core/Src/main.o
                0x00000000200009c4                F
 .bss.a         0x00000000200009c8        0x4 ./Core/Src/main.o
                0x00000000200009c8                a
 .bss.b         0x00000000200009cc        0x4 ./Core/Src/main.o
                0x00000000200009cc                b
 .bss.d         0x00000000200009d0        0x4 ./Core/Src/main.o
                0x00000000200009d0                d
 .bss.f         0x00000000200009d4        0x4 ./Core/Src/main.o
                0x00000000200009d4                f
 .bss.var_temp  0x00000000200009d8        0x4 ./Core/Src/main.o
                0x00000000200009d8                var_temp
 .bss.c23       0x00000000200009dc        0x4 ./Core/Src/main.o
                0x00000000200009dc                c23
 .bss.s23       0x00000000200009e0        0x4 ./Core/Src/main.o
                0x00000000200009e0                s23
 .bss.t_rad     0x00000000200009e4        0x4 ./Core/Src/main.o
                0x00000000200009e4                t_rad
 .bss.uwTick    0x00000000200009e8        0x4 ./Drivers/STM32F4xx_HAL_Driver/Src/stm32f4xx_hal.o
                0x00000000200009e8                uwTick
 .bss.pxCurrentTCB
                0x00000000200009ec        0x4 ./Middlewares/Third_Party/FreeRTOS/Source/tasks.o
                0x00000000200009ec                pxCurrentTCB
 .bss.pxReadyTasksLists
                0x00000000200009f0       0x8c ./Middlewares/Third_Party/FreeRTOS/Source/tasks.o
 .bss.xDelayedTaskList1
                0x0000000020000a7c       0x14 ./Middlewares/Third_Party/FreeRTOS/Source/tasks.o
 .bss.xDelayedTaskList2
                0x0000000020000a90       0x14 ./Middlewares/Third_Party/FreeRTOS/Source/tasks.o
 .bss.pxDelayedTaskList
                0x0000000020000aa4        0x4 ./Middlewares/Third_Party/FreeRTOS/Source/tasks.o
 .bss.pxOverflowDelayedTaskList
                0x0000000020000aa8        0x4 ./Middlewares/Third_Party/FreeRTOS/Source/tasks.o
 .bss.xPendingReadyList
                0x0000000020000aac       0x14 ./Middlewares/Third_Party/FreeRTOS/Source/tasks.o
 .bss.xTasksWaitingTermination
                0x0000000020000ac0       0x14 ./Middlewares/Third_Party/FreeRTOS/Source/tasks.o
 .bss.uxDeletedTasksWaitingCleanUp
                0x0000000020000ad4        0x4 ./Middlewares/Third_Party/FreeRTOS/Source/tasks.o
 .bss.xSuspendedTaskList
                0x0000000020000ad8       0x14 ./Middlewares/Third_Party/FreeRTOS/Source/tasks.o
 .bss.uxCurrentNumberOfTasks
                0x0000000020000aec        0x4 ./Middlewares/Third_Party/FreeRTOS/Source/tasks.o
 .bss.xTickCount
                0x0000000020000af0        0x4 ./Middlewares/Third_Party/FreeRTOS/Source/tasks.o
 .bss.uxTopReadyPriority
                0x0000000020000af4        0x4 ./Middlewares/Third_Party/FreeRTOS/Source/tasks.o
 .bss.xSchedulerRunning
                0x0000000020000af8        0x4 ./Middlewares/Third_Party/FreeRTOS/Source/tasks.o
 .bss.xPendedTicks
                0x0000000020000afc        0x4 ./Middlewares/Third_Party/FreeRTOS/Source/tasks.o
 .bss.xYieldPending
                0x0000000020000b00        0x4 ./Middlewares/Third_Party/FreeRTOS/Source/tasks.o
 .bss.xNumOfOverflows
                0x0000000020000b04        0x4 ./Middlewares/Third_Party/FreeRTOS/Source/tasks.o
 .bss.uxTaskNumber
                0x0000000020000b08        0x4 ./Middlewares/Third_Party/FreeRTOS/Source/tasks.o
 .bss.xNextTaskUnblockTime
                0x0000000020000b0c        0x4 ./Middlewares/Third_Party/FreeRTOS/Source/tasks.o
 .bss.xIdleTaskHandle
                0x0000000020000b10        0x4 ./Middlewares/Third_Party/FreeRTOS/Source/tasks.o
 .bss.uxSchedulerSuspended
                0x0000000020000b14        0x4 ./Middlewares/Third_Party/FreeRTOS/Source/tasks.o
 .bss.ucMaxSysCallPriority
                0x0000000020000b18        0x1 ./Middlewares/Third_Party/FreeRTOS/Source/portable/GCC/ARM_CM4F/port.o
 *fill*         0x0000000020000b19        0x3 
 .bss.ulMaxPRIGROUPValue
                0x0000000020000b1c        0x4 ./Middlewares/Third_Party/FreeRTOS/Source/portable/GCC/ARM_CM4F/port.o
 .bss.ucHeap    0x0000000020000b20     0x3c00 ./Middlewares/Third_Party/FreeRTOS/Source/portable/MemMang/heap_4.o
 .bss.xStart    0x0000000020004720        0x8 ./Middlewares/Third_Party/FreeRTOS/Source/portable/MemMang/heap_4.o
 .bss.pxEnd     0x0000000020004728        0x4 ./Middlewares/Third_Party/FreeRTOS/Source/portable/MemMang/heap_4.o
 .bss.xFreeBytesRemaining
                0x000000002000472c        0x4 ./Middlewares/Third_Party/FreeRTOS/Source/portable/MemMang/heap_4.o
 .bss.xMinimumEverFreeBytesRemaining
                0x0000000020004730        0x4 ./Middlewares/Third_Party/FreeRTOS/Source/portable/MemMang/heap_4.o
 .bss.xNumberOfSuccessfulAllocations
                0x0000000020004734        0x4 ./Middlewares/Third_Party/FreeRTOS/Source/portable/MemMang/heap_4.o
 .bss.xNumberOfSuccessfulFrees
                0x0000000020004738        0x4 ./Middlewares/Third_Party/FreeRTOS/Source/portable/MemMang/heap_4.o
 .bss.xBlockAllocatedBit
                0x000000002000473c        0x4 ./Middlewares/Third_Party/FreeRTOS/Source/portable/MemMang/heap_4.o
 .bss.__sf      0x0000000020004740      0x138 C:/ST/STM32CubeIDE_1.14.1/STM32CubeIDE/plugins/com.st.stm32cube.ide.mcu.externaltools.gnu-tools-for-stm32.11.3.rel1.win32_1.1.100.202309141235/tools/bin/../lib/gcc/arm-none-eabi/11.3.1/../../../../arm-none-eabi/lib/thumb/v7e-m+fp/hard\libc_nano.a(libc_a-findfp.o)
                0x0000000020004740                __sf
 *(COMMON)
                0x0000000020004878                . = ALIGN (0x4)
                0x0000000020004878                _ebss = .
                0x0000000020004878                __bss_end__ = _ebss

._user_heap_stack
                0x0000000020004878      0x600
                0x0000000020004878                . = ALIGN (0x8)
                [!provide]                        PROVIDE (end = .)
                0x0000000020004878                PROVIDE (_end = .)
                0x0000000020004a78                . = (. + _Min_Heap_Size)
 *fill*         0x0000000020004878      0x200 
                0x0000000020004e78                . = (. + _Min_Stack_Size)
 *fill*         0x0000000020004a78      0x400 
                0x0000000020004e78                . = ALIGN (0x8)

/DISCARD/
 libc.a(*)
 libm.a(*)
 libgcc.a(*)

.ARM.attributes
                0x0000000000000000       0x30
 *(.ARM.attributes)
 .ARM.attributes
                0x0000000000000000       0x1e C:/ST/STM32CubeIDE_1.14.1/STM32CubeIDE/plugins/com.st.stm32cube.ide.mcu.externaltools.gnu-tools-for-stm32.11.3.rel1.win32_1.1.100.202309141235/tools/bin/../lib/gcc/arm-none-eabi/11.3.1/thumb/v7e-m+fp/hard/crti.o
 .ARM.attributes
                0x000000000000001e       0x34 C:/ST/STM32CubeIDE_1.14.1/STM32CubeIDE/plugins/com.st.stm32cube.ide.mcu.externaltools.gnu-tools-for-stm32.11.3.rel1.win32_1.1.100.202309141235/tools/bin/../lib/gcc/arm-none-eabi/11.3.1/thumb/v7e-m+fp/hard/crtbegin.o
 .ARM.attributes
                0x0000000000000052       0x34 ./Core/Src/Encoder.o
 .ARM.attributes
                0x0000000000000086       0x34 ./Core/Src/MotorDrive.o
 .ARM.attributes
                0x00000000000000ba       0x34 ./Core/Src/PID.o
 .ARM.attributes
                0x00000000000000ee       0x34 ./Core/Src/freertos.o
 .ARM.attributes
                0x0000000000000122       0x34 ./Core/Src/main.o
 .ARM.attributes
                0x0000000000000156       0x34 ./Core/Src/stm32f4xx_hal_msp.o
 .ARM.attributes
                0x000000000000018a       0x34 ./Core/Src/stm32f4xx_it.o
 .ARM.attributes
                0x00000000000001be       0x34 ./Core/Src/system_stm32f4xx.o
 .ARM.attributes
                0x00000000000001f2       0x21 ./Core/Startup/startup_stm32f407vetx.o
 .ARM.attributes
                0x0000000000000213       0x34 ./Drivers/STM32F4xx_HAL_Driver/Src/stm32f4xx_hal.o
 .ARM.attributes
                0x0000000000000247       0x34 ./Drivers/STM32F4xx_HAL_Driver/Src/stm32f4xx_hal_cortex.o
 .ARM.attributes
                0x000000000000027b       0x34 ./Drivers/STM32F4xx_HAL_Driver/Src/stm32f4xx_hal_gpio.o
 .ARM.attributes
                0x00000000000002af       0x34 ./Drivers/STM32F4xx_HAL_Driver/Src/stm32f4xx_hal_rcc.o
 .ARM.attributes
                0x00000000000002e3       0x34 ./Drivers/STM32F4xx_HAL_Driver/Src/stm32f4xx_hal_tim.o
 .ARM.attributes
                0x0000000000000317       0x34 ./Drivers/STM32F4xx_HAL_Driver/Src/stm32f4xx_hal_tim_ex.o
 .ARM.attributes
                0x000000000000034b       0x34 ./Middlewares/Third_Party/FreeRTOS/Source/CMSIS_RTOS/cmsis_os.o
 .ARM.attributes
                0x000000000000037f       0x34 ./Middlewares/Third_Party/FreeRTOS/Source/list.o
 .ARM.attributes
                0x00000000000003b3       0x34 ./Middlewares/Third_Party/FreeRTOS/Source/tasks.o
 .ARM.attributes
                0x00000000000003e7       0x34 ./Middlewares/Third_Party/FreeRTOS/Source/portable/GCC/ARM_CM4F/port.o
 .ARM.attributes
                0x000000000000041b       0x34 ./Middlewares/Third_Party/FreeRTOS/Source/portable/MemMang/heap_4.o
 .ARM.attributes
                0x000000000000044f       0x34 C:/ST/STM32CubeIDE_1.14.1/STM32CubeIDE/plugins/com.st.stm32cube.ide.mcu.externaltools.gnu-tools-for-stm32.11.3.rel1.win32_1.1.100.202309141235/tools/bin/../lib/gcc/arm-none-eabi/11.3.1/../../../../arm-none-eabi/lib/thumb/v7e-m+fp/hard\libc_nano.a(libc_a-findfp.o)
 .ARM.attributes
                0x0000000000000483       0x34 C:/ST/STM32CubeIDE_1.14.1/STM32CubeIDE/plugins/com.st.stm32cube.ide.mcu.externaltools.gnu-tools-for-stm32.11.3.rel1.win32_1.1.100.202309141235/tools/bin/../lib/gcc/arm-none-eabi/11.3.1/../../../../arm-none-eabi/lib/thumb/v7e-m+fp/hard\libc_nano.a(libc_a-memset.o)
 .ARM.attributes
                0x00000000000004b7       0x34 C:/ST/STM32CubeIDE_1.14.1/STM32CubeIDE/plugins/com.st.stm32cube.ide.mcu.externaltools.gnu-tools-for-stm32.11.3.rel1.win32_1.1.100.202309141235/tools/bin/../lib/gcc/arm-none-eabi/11.3.1/../../../../arm-none-eabi/lib/thumb/v7e-m+fp/hard\libc_nano.a(libc_a-impure.o)
 .ARM.attributes
                0x00000000000004eb       0x34 C:/ST/STM32CubeIDE_1.14.1/STM32CubeIDE/plugins/com.st.stm32cube.ide.mcu.externaltools.gnu-tools-for-stm32.11.3.rel1.win32_1.1.100.202309141235/tools/bin/../lib/gcc/arm-none-eabi/11.3.1/../../../../arm-none-eabi/lib/thumb/v7e-m+fp/hard\libc_nano.a(libc_a-errno.o)
 .ARM.attributes
                0x000000000000051f       0x34 C:/ST/STM32CubeIDE_1.14.1/STM32CubeIDE/plugins/com.st.stm32cube.ide.mcu.externaltools.gnu-tools-for-stm32.11.3.rel1.win32_1.1.100.202309141235/tools/bin/../lib/gcc/arm-none-eabi/11.3.1/../../../../arm-none-eabi/lib/thumb/v7e-m+fp/hard\libc_nano.a(libc_a-init.o)
 .ARM.attributes
                0x0000000000000553       0x34 C:/ST/STM32CubeIDE_1.14.1/STM32CubeIDE/plugins/com.st.stm32cube.ide.mcu.externaltools.gnu-tools-for-stm32.11.3.rel1.win32_1.1.100.202309141235/tools/bin/../lib/gcc/arm-none-eabi/11.3.1/../../../../arm-none-eabi/lib/thumb/v7e-m+fp/hard\libm.a(libm_a-w_atan2.o)
 .ARM.attributes
                0x0000000000000587       0x34 C:/ST/STM32CubeIDE_1.14.1/STM32CubeIDE/plugins/com.st.stm32cube.ide.mcu.externaltools.gnu-tools-for-stm32.11.3.rel1.win32_1.1.100.202309141235/tools/bin/../lib/gcc/arm-none-eabi/11.3.1/../../../../arm-none-eabi/lib/thumb/v7e-m+fp/hard\libm.a(libm_a-w_pow.o)
 .ARM.attributes
                0x00000000000005bb       0x34 C:/ST/STM32CubeIDE_1.14.1/STM32CubeIDE/plugins/com.st.stm32cube.ide.mcu.externaltools.gnu-tools-for-stm32.11.3.rel1.win32_1.1.100.202309141235/tools/bin/../lib/gcc/arm-none-eabi/11.3.1/../../../../arm-none-eabi/lib/thumb/v7e-m+fp/hard\libm.a(libm_a-w_sqrt.o)
 .ARM.attributes
                0x00000000000005ef       0x34 C:/ST/STM32CubeIDE_1.14.1/STM32CubeIDE/plugins/com.st.stm32cube.ide.mcu.externaltools.gnu-tools-for-stm32.11.3.rel1.win32_1.1.100.202309141235/tools/bin/../lib/gcc/arm-none-eabi/11.3.1/../../../../arm-none-eabi/lib/thumb/v7e-m+fp/hard\libm.a(libm_a-s_cos.o)
 .ARM.attributes
                0x0000000000000623       0x34 C:/ST/STM32CubeIDE_1.14.1/STM32CubeIDE/plugins/com.st.stm32cube.ide.mcu.externaltools.gnu-tools-for-stm32.11.3.rel1.win32_1.1.100.202309141235/tools/bin/../lib/gcc/arm-none-eabi/11.3.1/../../../../arm-none-eabi/lib/thumb/v7e-m+fp/hard\libm.a(libm_a-s_sin.o)
 .ARM.attributes
                0x0000000000000657       0x34 C:/ST/STM32CubeIDE_1.14.1/STM32CubeIDE/plugins/com.st.stm32cube.ide.mcu.externaltools.gnu-tools-for-stm32.11.3.rel1.win32_1.1.100.202309141235/tools/bin/../lib/gcc/arm-none-eabi/11.3.1/../../../../arm-none-eabi/lib/thumb/v7e-m+fp/hard\libm.a(libm_a-s_finite.o)
 .ARM.attributes
                0x000000000000068b       0x34 C:/ST/STM32CubeIDE_1.14.1/STM32CubeIDE/plugins/com.st.stm32cube.ide.mcu.externaltools.gnu-tools-for-stm32.11.3.rel1.win32_1.1.100.202309141235/tools/bin/../lib/gcc/arm-none-eabi/11.3.1/../../../../arm-none-eabi/lib/thumb/v7e-m+fp/hard\libm.a(libm_a-e_sqrt.o)
 .ARM.attributes
                0x00000000000006bf       0x34 C:/ST/STM32CubeIDE_1.14.1/STM32CubeIDE/plugins/com.st.stm32cube.ide.mcu.externaltools.gnu-tools-for-stm32.11.3.rel1.win32_1.1.100.202309141235/tools/bin/../lib/gcc/arm-none-eabi/11.3.1/../../../../arm-none-eabi/lib/thumb/v7e-m+fp/hard\libm.a(libm_a-k_cos.o)
 .ARM.attributes
                0x00000000000006f3       0x34 C:/ST/STM32CubeIDE_1.14.1/STM32CubeIDE/plugins/com.st.stm32cube.ide.mcu.externaltools.gnu-tools-for-stm32.11.3.rel1.win32_1.1.100.202309141235/tools/bin/../lib/gcc/arm-none-eabi/11.3.1/../../../../arm-none-eabi/lib/thumb/v7e-m+fp/hard\libm.a(libm_a-k_sin.o)
 .ARM.attributes
                0x0000000000000727       0x34 C:/ST/STM32CubeIDE_1.14.1/STM32CubeIDE/plugins/com.st.stm32cube.ide.mcu.externaltools.gnu-tools-for-stm32.11.3.rel1.win32_1.1.100.202309141235/tools/bin/../lib/gcc/arm-none-eabi/11.3.1/../../../../arm-none-eabi/lib/thumb/v7e-m+fp/hard\libm.a(libm_a-e_atan2.o)
 .ARM.attributes
                0x000000000000075b       0x34 C:/ST/STM32CubeIDE_1.14.1/STM32CubeIDE/plugins/com.st.stm32cube.ide.mcu.externaltools.gnu-tools-for-stm32.11.3.rel1.win32_1.1.100.202309141235/tools/bin/../lib/gcc/arm-none-eabi/11.3.1/../../../../arm-none-eabi/lib/thumb/v7e-m+fp/hard\libm.a(libm_a-e_pow.o)
 .ARM.attributes
                0x000000000000078f       0x34 C:/ST/STM32CubeIDE_1.14.1/STM32CubeIDE/plugins/com.st.stm32cube.ide.mcu.externaltools.gnu-tools-for-stm32.11.3.rel1.win32_1.1.100.202309141235/tools/bin/../lib/gcc/arm-none-eabi/11.3.1/../../../../arm-none-eabi/lib/thumb/v7e-m+fp/hard\libm.a(libm_a-e_rem_pio2.o)
 .ARM.attributes
                0x00000000000007c3       0x34 C:/ST/STM32CubeIDE_1.14.1/STM32CubeIDE/plugins/com.st.stm32cube.ide.mcu.externaltools.gnu-tools-for-stm32.11.3.rel1.win32_1.1.100.202309141235/tools/bin/../lib/gcc/arm-none-eabi/11.3.1/../../../../arm-none-eabi/lib/thumb/v7e-m+fp/hard\libm.a(libm_a-s_atan.o)
 .ARM.attributes
                0x00000000000007f7       0x34 C:/ST/STM32CubeIDE_1.14.1/STM32CubeIDE/plugins/com.st.stm32cube.ide.mcu.externaltools.gnu-tools-for-stm32.11.3.rel1.win32_1.1.100.202309141235/tools/bin/../lib/gcc/arm-none-eabi/11.3.1/../../../../arm-none-eabi/lib/thumb/v7e-m+fp/hard\libm.a(libm_a-s_fabs.o)
 .ARM.attributes
                0x000000000000082b       0x34 C:/ST/STM32CubeIDE_1.14.1/STM32CubeIDE/plugins/com.st.stm32cube.ide.mcu.externaltools.gnu-tools-for-stm32.11.3.rel1.win32_1.1.100.202309141235/tools/bin/../lib/gcc/arm-none-eabi/11.3.1/../../../../arm-none-eabi/lib/thumb/v7e-m+fp/hard\libm.a(libm_a-s_scalbn.o)
 .ARM.attributes
                0x000000000000085f       0x34 C:/ST/STM32CubeIDE_1.14.1/STM32CubeIDE/plugins/com.st.stm32cube.ide.mcu.externaltools.gnu-tools-for-stm32.11.3.rel1.win32_1.1.100.202309141235/tools/bin/../lib/gcc/arm-none-eabi/11.3.1/../../../../arm-none-eabi/lib/thumb/v7e-m+fp/hard\libm.a(libm_a-math_err.o)
 .ARM.attributes
                0x0000000000000893       0x34 C:/ST/STM32CubeIDE_1.14.1/STM32CubeIDE/plugins/com.st.stm32cube.ide.mcu.externaltools.gnu-tools-for-stm32.11.3.rel1.win32_1.1.100.202309141235/tools/bin/../lib/gcc/arm-none-eabi/11.3.1/../../../../arm-none-eabi/lib/thumb/v7e-m+fp/hard\libm.a(libm_a-k_rem_pio2.o)
 .ARM.attributes
                0x00000000000008c7       0x34 C:/ST/STM32CubeIDE_1.14.1/STM32CubeIDE/plugins/com.st.stm32cube.ide.mcu.externaltools.gnu-tools-for-stm32.11.3.rel1.win32_1.1.100.202309141235/tools/bin/../lib/gcc/arm-none-eabi/11.3.1/../../../../arm-none-eabi/lib/thumb/v7e-m+fp/hard\libm.a(libm_a-s_floor.o)
 .ARM.attributes
                0x00000000000008fb       0x1e C:/ST/STM32CubeIDE_1.14.1/STM32CubeIDE/plugins/com.st.stm32cube.ide.mcu.externaltools.gnu-tools-for-stm32.11.3.rel1.win32_1.1.100.202309141235/tools/bin/../lib/gcc/arm-none-eabi/11.3.1/thumb/v7e-m+fp/hard\libgcc.a(_arm_addsubdf3.o)
 .ARM.attributes
                0x0000000000000919       0x1e C:/ST/STM32CubeIDE_1.14.1/STM32CubeIDE/plugins/com.st.stm32cube.ide.mcu.externaltools.gnu-tools-for-stm32.11.3.rel1.win32_1.1.100.202309141235/tools/bin/../lib/gcc/arm-none-eabi/11.3.1/thumb/v7e-m+fp/hard\libgcc.a(_arm_muldivdf3.o)
 .ARM.attributes
                0x0000000000000937       0x1e C:/ST/STM32CubeIDE_1.14.1/STM32CubeIDE/plugins/com.st.stm32cube.ide.mcu.externaltools.gnu-tools-for-stm32.11.3.rel1.win32_1.1.100.202309141235/tools/bin/../lib/gcc/arm-none-eabi/11.3.1/thumb/v7e-m+fp/hard\libgcc.a(_arm_cmpdf2.o)
 .ARM.attributes
                0x0000000000000955       0x1e C:/ST/STM32CubeIDE_1.14.1/STM32CubeIDE/plugins/com.st.stm32cube.ide.mcu.externaltools.gnu-tools-for-stm32.11.3.rel1.win32_1.1.100.202309141235/tools/bin/../lib/gcc/arm-none-eabi/11.3.1/thumb/v7e-m+fp/hard\libgcc.a(_arm_unorddf2.o)
 .ARM.attributes
                0x0000000000000973       0x1e C:/ST/STM32CubeIDE_1.14.1/STM32CubeIDE/plugins/com.st.stm32cube.ide.mcu.externaltools.gnu-tools-for-stm32.11.3.rel1.win32_1.1.100.202309141235/tools/bin/../lib/gcc/arm-none-eabi/11.3.1/thumb/v7e-m+fp/hard\libgcc.a(_arm_fixdfsi.o)
 .ARM.attributes
                0x0000000000000991       0x1e C:/ST/STM32CubeIDE_1.14.1/STM32CubeIDE/plugins/com.st.stm32cube.ide.mcu.externaltools.gnu-tools-for-stm32.11.3.rel1.win32_1.1.100.202309141235/tools/bin/../lib/gcc/arm-none-eabi/11.3.1/thumb/v7e-m+fp/hard\libgcc.a(_arm_truncdfsf2.o)
 .ARM.attributes
                0x00000000000009af       0x1e C:/ST/STM32CubeIDE_1.14.1/STM32CubeIDE/plugins/com.st.stm32cube.ide.mcu.externaltools.gnu-tools-for-stm32.11.3.rel1.win32_1.1.100.202309141235/tools/bin/../lib/gcc/arm-none-eabi/11.3.1/thumb/v7e-m+fp/hard\libgcc.a(_aeabi_uldivmod.o)
 .ARM.attributes
                0x00000000000009cd       0x34 C:/ST/STM32CubeIDE_1.14.1/STM32CubeIDE/plugins/com.st.stm32cube.ide.mcu.externaltools.gnu-tools-for-stm32.11.3.rel1.win32_1.1.100.202309141235/tools/bin/../lib/gcc/arm-none-eabi/11.3.1/thumb/v7e-m+fp/hard\libgcc.a(_udivmoddi4.o)
 .ARM.attributes
                0x0000000000000a01       0x1e C:/ST/STM32CubeIDE_1.14.1/STM32CubeIDE/plugins/com.st.stm32cube.ide.mcu.externaltools.gnu-tools-for-stm32.11.3.rel1.win32_1.1.100.202309141235/tools/bin/../lib/gcc/arm-none-eabi/11.3.1/thumb/v7e-m+fp/hard\libgcc.a(_dvmd_tls.o)
 .ARM.attributes
                0x0000000000000a1f       0x1e C:/ST/STM32CubeIDE_1.14.1/STM32CubeIDE/plugins/com.st.stm32cube.ide.mcu.externaltools.gnu-tools-for-stm32.11.3.rel1.win32_1.1.100.202309141235/tools/bin/../lib/gcc/arm-none-eabi/11.3.1/thumb/v7e-m+fp/hard/crtn.o
OUTPUT(DARB_4Dof.elf elf32-littlearm)
LOAD linker stubs
LOAD C:/ST/STM32CubeIDE_1.14.1/STM32CubeIDE/plugins/com.st.stm32cube.ide.mcu.externaltools.gnu-tools-for-stm32.11.3.rel1.win32_1.1.100.202309141235/tools/bin/../lib/gcc/arm-none-eabi/11.3.1/../../../../arm-none-eabi/lib/thumb/v7e-m+fp/hard\libc.a
LOAD C:/ST/STM32CubeIDE_1.14.1/STM32CubeIDE/plugins/com.st.stm32cube.ide.mcu.externaltools.gnu-tools-for-stm32.11.3.rel1.win32_1.1.100.202309141235/tools/bin/../lib/gcc/arm-none-eabi/11.3.1/../../../../arm-none-eabi/lib/thumb/v7e-m+fp/hard\libm.a
LOAD C:/ST/STM32CubeIDE_1.14.1/STM32CubeIDE/plugins/com.st.stm32cube.ide.mcu.externaltools.gnu-tools-for-stm32.11.3.rel1.win32_1.1.100.202309141235/tools/bin/../lib/gcc/arm-none-eabi/11.3.1/thumb/v7e-m+fp/hard\libgcc.a

.comment        0x0000000000000000       0x43