../Core/Src/main.c:181:7:p	32	static
../Core/Src/main.c:195:6:UartIdle_Init	8	static
../Core/Src/main.c:201:6:UART_Handle	64	static
../Core/Src/main.c:301:6:HAL_UARTEx_RxEventCallback	16	static
../Core/Src/main.c:317:6:PID_LINK1_Init	4	static
../Core/Src/main.c:339:6:PID_LINK1_Speed	24	static
../Core/Src/main.c:344:6:PID_LINK1_Pos	16	static
../Core/Src/main.c:355:6:PID_LINK2_Init	4	static
../Core/Src/main.c:377:6:PID_LINK2_Speed	24	static
../Core/Src/main.c:382:6:PID_LINK2_Pos	16	static
../Core/Src/main.c:393:6:PID_LINK3_Init	4	static
../Core/Src/main.c:415:6:PID_LINK3_Speed	24	static
../Core/Src/main.c:420:6:PID_LINK3_Pos	16	static
../Core/Src/main.c:431:6:PID_LINK4_Init	4	static
../Core/Src/main.c:453:6:PID_LINK4_Speed	24	static
../Core/Src/main.c:458:6:PID_LINK4_Pos	16	static
../Core/Src/main.c:472:5:main	128	static
../Core/Src/main.c:593:6:SystemClock_Config	88	static
../Core/Src/main.c:640:13:MX_TIM1_Init	56	static
../Core/Src/main.c:690:13:MX_TIM2_Init	56	static
../Core/Src/main.c:739:13:MX_TIM3_Init	56	static
../Core/Src/main.c:788:13:MX_TIM4_Init	48	static
../Core/Src/main.c:849:13:MX_TIM5_Init	56	static
../Core/Src/main.c:898:13:MX_TIM8_Init	80	static
../Core/Src/main.c:967:13:MX_TIM9_Init	40	static
../Core/Src/main.c:1013:13:MX_TIM12_Init	24	static
../Core/Src/main.c:1051:13:MX_USART1_UART_Init	8	static
../Core/Src/main.c:1082:13:MX_DMA_Init	16	static
../Core/Src/main.c:1100:13:MX_GPIO_Init	48	static
../Core/Src/main.c:1150:6:StartTaskLogic	16	static
../Core/Src/main.c:1194:6:StartTaskSetHome	24	static
../Core/Src/main.c:1302:6:StartTaskPID	16	static
../Core/Src/main.c:1325:6:StartTaskTrajectory	16	static
../Core/Src/main.c:1410:6:HAL_TIM_PeriodElapsedCallback	64	static
../Core/Src/main.c:1436:6:Error_Handler	4	static,ignoring_inline_asm
