../Core/Src/main.c:177:7:p	32	static
../Core/Src/main.c:188:6:UartIdle_Init	8	static
../Core/Src/main.c:194:6:UART_Handle	64	static
../Core/Src/main.c:288:6:HAL_UARTEx_RxEventCallback	16	static
../Core/Src/main.c:304:6:PID_LINK1_Init	4	static
../Core/Src/main.c:326:6:PID_LINK1_Speed	24	static
../Core/Src/main.c:331:6:PID_LINK1_Pos	16	static
../Core/Src/main.c:342:6:PID_LINK2_Init	4	static
../Core/Src/main.c:364:6:PID_LINK2_Speed	24	static
../Core/Src/main.c:369:6:PID_LINK2_Pos	16	static
../Core/Src/main.c:380:6:PID_LINK3_Init	4	static
../Core/Src/main.c:402:6:PID_LINK3_Speed	24	static
../Core/Src/main.c:407:6:PID_LINK3_Pos	16	static
../Core/Src/main.c:418:6:PID_LINK4_Init	4	static
../Core/Src/main.c:440:6:PID_LINK4_Speed	24	static
../Core/Src/main.c:445:6:PID_LINK4_Pos	16	static
../Core/Src/main.c:459:5:main	128	static
../Core/Src/main.c:579:6:SystemClock_Config	88	static
../Core/Src/main.c:626:13:MX_TIM1_Init	56	static
../Core/Src/main.c:676:13:MX_TIM2_Init	56	static
../Core/Src/main.c:725:13:MX_TIM3_Init	56	static
../Core/Src/main.c:774:13:MX_TIM4_Init	48	static
../Core/Src/main.c:835:13:MX_TIM5_Init	56	static
../Core/Src/main.c:884:13:MX_TIM8_Init	80	static
../Core/Src/main.c:953:13:MX_TIM9_Init	40	static
../Core/Src/main.c:999:13:MX_USART1_UART_Init	8	static
../Core/Src/main.c:1030:13:MX_DMA_Init	16	static
../Core/Src/main.c:1048:13:MX_GPIO_Init	48	static
../Core/Src/main.c:1087:6:StartTaskLogic	16	static
../Core/Src/main.c:1126:6:StartTaskSetHome	24	static
../Core/Src/main.c:1232:6:StartTaskPID	16	static
../Core/Src/main.c:1255:6:StartTaskTrajectory	16	static
../Core/Src/main.c:1340:6:HAL_TIM_PeriodElapsedCallback	16	static
../Core/Src/main.c:1357:6:Error_Handler	4	static,ignoring_inline_asm
