../Core/Src/main.c:180:7:p	32	static
../Core/Src/main.c:190:6:UartIdle_Init	8	static
../Core/Src/main.c:196:6:UART_Handle	64	static
../Core/Src/main.c:290:6:HAL_UARTEx_RxEventCallback	16	static
../Core/Src/main.c:306:6:PID_LINK1_Init	4	static
../Core/Src/main.c:328:6:PID_LINK1_Speed	24	static
../Core/Src/main.c:333:6:PID_LINK1_Pos	16	static
../Core/Src/main.c:344:6:PID_LINK2_Init	4	static
../Core/Src/main.c:366:6:PID_LINK2_Speed	24	static
../Core/Src/main.c:371:6:PID_LINK2_Pos	16	static
../Core/Src/main.c:382:6:PID_LINK3_Init	4	static
../Core/Src/main.c:404:6:PID_LINK3_Speed	24	static
../Core/Src/main.c:409:6:PID_LINK3_Pos	16	static
../Core/Src/main.c:420:6:PID_LINK4_Init	4	static
../Core/Src/main.c:442:6:PID_LINK4_Speed	24	static
../Core/Src/main.c:447:6:PID_LINK4_Pos	16	static
../Core/Src/main.c:461:5:main	128	static
../Core/Src/main.c:579:6:SystemClock_Config	88	static
../Core/Src/main.c:626:13:MX_TIM1_Init	56	static
../Core/Src/main.c:676:13:MX_TIM2_Init	56	static
../Core/Src/main.c:725:13:MX_TIM3_Init	56	static
../Core/Src/main.c:774:13:MX_TIM4_Init	48	static
../Core/Src/main.c:835:13:MX_TIM5_Init	56	static
../Core/Src/main.c:884:13:MX_TIM8_Init	80	static
../Core/Src/main.c:953:13:MX_TIM9_Init	40	static
../Core/Src/main.c:999:13:MX_USART1_UART_Init	8	static
../Core/Src/main.c:1030:13:MX_DMA_Init	16	static
../Core/Src/main.c:1048:13:MX_GPIO_Init	48	static
../Core/Src/main.c:1087:6:StartTaskLogic	16	static
../Core/Src/main.c:1106:6:StartTaskSetHome	24	static
../Core/Src/main.c:1212:6:StartTaskPID	16	static
../Core/Src/main.c:1235:6:StartTaskTrajectory	16	static
../Core/Src/main.c:1318:6:HAL_TIM_PeriodElapsedCallback	16	static
../Core/Src/main.c:1335:6:Error_Handler	4	static,ignoring_inline_asm
